Archive member included to satisfy reference by file (symbol)

c:/st/stm32cubeide_1.9.0/stm32cubeide/plugins/com.st.stm32cube.ide.mcu.externaltools.gnu-tools-for-stm32.10.3-2021.10.win32_1.0.0.202111181127/tools/bin/../lib/gcc/arm-none-eabi/10.3.1/../../../../arm-none-eabi/lib/thumb/v6-m/nofp\libc_nano.a(lib_a-assert.o)
                              ./FreeModbus/freemodbus/modbus/functions/mbutils.o (__assert_func)
c:/st/stm32cubeide_1.9.0/stm32cubeide/plugins/com.st.stm32cube.ide.mcu.externaltools.gnu-tools-for-stm32.10.3-2021.10.win32_1.0.0.202111181127/tools/bin/../lib/gcc/arm-none-eabi/10.3.1/../../../../arm-none-eabi/lib/thumb/v6-m/nofp\libc_nano.a(lib_a-errno.o)
                              ./Core/Src/syscalls.o (__errno)
c:/st/stm32cubeide_1.9.0/stm32cubeide/plugins/com.st.stm32cube.ide.mcu.externaltools.gnu-tools-for-stm32.10.3-2021.10.win32_1.0.0.202111181127/tools/bin/../lib/gcc/arm-none-eabi/10.3.1/../../../../arm-none-eabi/lib/thumb/v6-m/nofp\libc_nano.a(lib_a-exit.o)
                              c:/st/stm32cubeide_1.9.0/stm32cubeide/plugins/com.st.stm32cube.ide.mcu.externaltools.gnu-tools-for-stm32.10.3-2021.10.win32_1.0.0.202111181127/tools/bin/../lib/gcc/arm-none-eabi/10.3.1/../../../../arm-none-eabi/lib/thumb/v6-m/nofp/crt0.o (exit)
c:/st/stm32cubeide_1.9.0/stm32cubeide/plugins/com.st.stm32cube.ide.mcu.externaltools.gnu-tools-for-stm32.10.3-2021.10.win32_1.0.0.202111181127/tools/bin/../lib/gcc/arm-none-eabi/10.3.1/../../../../arm-none-eabi/lib/thumb/v6-m/nofp\libc_nano.a(lib_a-fprintf.o)
                              c:/st/stm32cubeide_1.9.0/stm32cubeide/plugins/com.st.stm32cube.ide.mcu.externaltools.gnu-tools-for-stm32.10.3-2021.10.win32_1.0.0.202111181127/tools/bin/../lib/gcc/arm-none-eabi/10.3.1/../../../../arm-none-eabi/lib/thumb/v6-m/nofp\libc_nano.a(lib_a-assert.o) (fiprintf)
c:/st/stm32cubeide_1.9.0/stm32cubeide/plugins/com.st.stm32cube.ide.mcu.externaltools.gnu-tools-for-stm32.10.3-2021.10.win32_1.0.0.202111181127/tools/bin/../lib/gcc/arm-none-eabi/10.3.1/../../../../arm-none-eabi/lib/thumb/v6-m/nofp\libc_nano.a(lib_a-impure.o)
                              c:/st/stm32cubeide_1.9.0/stm32cubeide/plugins/com.st.stm32cube.ide.mcu.externaltools.gnu-tools-for-stm32.10.3-2021.10.win32_1.0.0.202111181127/tools/bin/../lib/gcc/arm-none-eabi/10.3.1/../../../../arm-none-eabi/lib/thumb/v6-m/nofp\libc_nano.a(lib_a-exit.o) (_global_impure_ptr)
c:/st/stm32cubeide_1.9.0/stm32cubeide/plugins/com.st.stm32cube.ide.mcu.externaltools.gnu-tools-for-stm32.10.3-2021.10.win32_1.0.0.202111181127/tools/bin/../lib/gcc/arm-none-eabi/10.3.1/../../../../arm-none-eabi/lib/thumb/v6-m/nofp\libc_nano.a(lib_a-init.o)
                              c:/st/stm32cubeide_1.9.0/stm32cubeide/plugins/com.st.stm32cube.ide.mcu.externaltools.gnu-tools-for-stm32.10.3-2021.10.win32_1.0.0.202111181127/tools/bin/../lib/gcc/arm-none-eabi/10.3.1/../../../../arm-none-eabi/lib/thumb/v6-m/nofp/crt0.o (__libc_init_array)
c:/st/stm32cubeide_1.9.0/stm32cubeide/plugins/com.st.stm32cube.ide.mcu.externaltools.gnu-tools-for-stm32.10.3-2021.10.win32_1.0.0.202111181127/tools/bin/../lib/gcc/arm-none-eabi/10.3.1/../../../../arm-none-eabi/lib/thumb/v6-m/nofp\libc_nano.a(lib_a-memcpy-stub.o)
                              ./FreeModbus/freemodbus/modbus/functions/mbfuncother.o (memcpy)
c:/st/stm32cubeide_1.9.0/stm32cubeide/plugins/com.st.stm32cube.ide.mcu.externaltools.gnu-tools-for-stm32.10.3-2021.10.win32_1.0.0.202111181127/tools/bin/../lib/gcc/arm-none-eabi/10.3.1/../../../../arm-none-eabi/lib/thumb/v6-m/nofp\libc_nano.a(lib_a-memset.o)
                              c:/st/stm32cubeide_1.9.0/stm32cubeide/plugins/com.st.stm32cube.ide.mcu.externaltools.gnu-tools-for-stm32.10.3-2021.10.win32_1.0.0.202111181127/tools/bin/../lib/gcc/arm-none-eabi/10.3.1/../../../../arm-none-eabi/lib/thumb/v6-m/nofp/crt0.o (memset)
c:/st/stm32cubeide_1.9.0/stm32cubeide/plugins/com.st.stm32cube.ide.mcu.externaltools.gnu-tools-for-stm32.10.3-2021.10.win32_1.0.0.202111181127/tools/bin/../lib/gcc/arm-none-eabi/10.3.1/../../../../arm-none-eabi/lib/thumb/v6-m/nofp\libc_nano.a(lib_a-nano-vfprintf.o)
                              c:/st/stm32cubeide_1.9.0/stm32cubeide/plugins/com.st.stm32cube.ide.mcu.externaltools.gnu-tools-for-stm32.10.3-2021.10.win32_1.0.0.202111181127/tools/bin/../lib/gcc/arm-none-eabi/10.3.1/../../../../arm-none-eabi/lib/thumb/v6-m/nofp\libc_nano.a(lib_a-fprintf.o) (_vfprintf_r)
c:/st/stm32cubeide_1.9.0/stm32cubeide/plugins/com.st.stm32cube.ide.mcu.externaltools.gnu-tools-for-stm32.10.3-2021.10.win32_1.0.0.202111181127/tools/bin/../lib/gcc/arm-none-eabi/10.3.1/../../../../arm-none-eabi/lib/thumb/v6-m/nofp\libc_nano.a(lib_a-nano-vfprintf_float.o)
                              c:/st/stm32cubeide_1.9.0/stm32cubeide/plugins/com.st.stm32cube.ide.mcu.externaltools.gnu-tools-for-stm32.10.3-2021.10.win32_1.0.0.202111181127/tools/bin/../lib/gcc/arm-none-eabi/10.3.1/../../../../arm-none-eabi/lib/thumb/v6-m/nofp\libc_nano.a(lib_a-nano-vfprintf.o) (_printf_float)
[...]
Memory Configuration

Name             Origin             Length             Attributes
RAM              0x0000000020000000 0x0000000000005000 xrw
FLASH            0x0000000008000000 0x0000000000020000 xr
*default*        0x0000000000000000 0xffffffffffffffff

Linker script and memory map

LOAD c:/st/stm32cubeide_1.9.0/stm32cubeide/plugins/com.st.stm32cube.ide.mcu.externaltools.gnu-tools-for-stm32.10.3-2021.10.win32_1.0.0.202111181127/tools/bin/../lib/gcc/arm-none-eabi/10.3.1/thumb/v6-m/nofp/crti.o
LOAD c:/st/stm32cubeide_1.9.0/stm32cubeide/plugins/com.st.stm32cube.ide.mcu.externaltools.gnu-tools-for-stm32.10.3-2021.10.win32_1.0.0.202111181127/tools/bin/../lib/gcc/arm-none-eabi/10.3.1/thumb/v6-m/nofp/crtbegin.o
LOAD c:/st/stm32cubeide_1.9.0/stm32cubeide/plugins/com.st.stm32cube.ide.mcu.externaltools.gnu-tools-for-stm32.10.3-2021.10.win32_1.0.0.202111181127/tools/bin/../lib/gcc/arm-none-eabi/10.3.1/../../../../arm-none-eabi/lib/thumb/v6-m/nofp/crt0.o
LOAD ./Core/Src/gpio.o
LOAD ./Core/Src/i2c.o
LOAD ./Core/Src/main.o
LOAD ./Core/Src/rtc.o
LOAD ./Core/Src/stm32l0xx_hal_msp.o
LOAD ./Core/Src/stm32l0xx_it.o
LOAD ./Core/Src/syscalls.o
LOAD ./Core/Src/sysmem.o
LOAD ./Core/Src/system_stm32l0xx.o
LOAD ./Core/Src/tim.o
LOAD ./Core/Src/usart.o
LOAD ./Core/Startup/startup_stm32l072cbtx.o
LOAD ./Drivers/STM32L0xx_HAL_Driver/Src/stm32l0xx_hal.o
LOAD ./Drivers/STM32L0xx_HAL_Driver/Src/stm32l0xx_hal_cortex.o
LOAD ./Drivers/STM32L0xx_HAL_Driver/Src/stm32l0xx_hal_dma.o
LOAD ./Drivers/STM32L0xx_HAL_Driver/Src/stm32l0xx_hal_exti.o
LOAD ./Drivers/STM32L0xx_HAL_Driver/Src/stm32l0xx_hal_flash.o
LOAD ./Drivers/STM32L0xx_HAL_Driver/Src/stm32l0xx_hal_flash_ex.o
LOAD ./Drivers/STM32L0xx_HAL_Driver/Src/stm32l0xx_hal_flash_ramfunc.o
LOAD ./Drivers/STM32L0xx_HAL_Driver/Src/stm32l0xx_hal_gpio.o
LOAD ./Drivers/STM32L0xx_HAL_Driver/Src/stm32l0xx_hal_i2c.o
LOAD ./Drivers/STM32L0xx_HAL_Driver/Src/stm32l0xx_hal_i2c_ex.o
LOAD ./Drivers/STM32L0xx_HAL_Driver/Src/stm32l0xx_hal_pwr.o
LOAD ./Drivers/STM32L0xx_HAL_Driver/Src/stm32l0xx_hal_pwr_ex.o
LOAD ./Drivers/STM32L0xx_HAL_Driver/Src/stm32l0xx_hal_rcc.o
LOAD ./Drivers/STM32L0xx_HAL_Driver/Src/stm32l0xx_hal_rcc_ex.o
LOAD ./Drivers/STM32L0xx_HAL_Driver/Src/stm32l0xx_hal_rtc.o
LOAD ./Drivers/STM32L0xx_HAL_Driver/Src/stm32l0xx_hal_rtc_ex.o
LOAD ./Drivers/STM32L0xx_HAL_Driver/Src/stm32l0xx_hal_tim.o
LOAD ./Drivers/STM32L0xx_HAL_Driver/Src/stm32l0xx_hal_tim_ex.o
LOAD ./Drivers/STM32L0xx_HAL_Driver/Src/stm32l0xx_hal_uart.o
LOAD ./Drivers/STM32L0xx_HAL_Driver/Src/stm32l0xx_hal_uart_ex.o
LOAD ./FreeModbus/freemodbus/app/user_mb.o
LOAD ./FreeModbus/freemodbus/modbus/ascii/mbascii.o
LOAD ./FreeModbus/freemodbus/modbus/functions/mbfunccoils.o
LOAD ./FreeModbus/freemodbus/modbus/functions/mbfuncdiag.o
LOAD ./FreeModbus/freemodbus/modbus/functions/mbfuncdisc.o
LOAD ./FreeModbus/freemodbus/modbus/functions/mbfuncholding.o
LOAD ./FreeModbus/freemodbus/modbus/functions/mbfuncinput.o
LOAD ./FreeModbus/freemodbus/modbus/functions/mbfuncother.o
LOAD ./FreeModbus/freemodbus/modbus/functions/mbutils.o
LOAD ./FreeModbus/freemodbus/modbus/mb.o
LOAD ./FreeModbus/freemodbus/modbus/rtu/mbcrc.o
LOAD ./FreeModbus/freemodbus/modbus/rtu/mbrtu.o
LOAD ./FreeModbus/freemodbus/modbus/tcp/mbtcp.o
LOAD ./FreeModbus/freemodbus/port/portcritial.o
LOAD ./FreeModbus/freemodbus/port/portevent.o
LOAD ./FreeModbus/freemodbus/port/portserial.o
LOAD ./FreeModbus/freemodbus/port/porttimer.o
LOAD ./temp_and_humi_sensor/bsp/i2c_bsp.o
LOAD ./temp_and_humi_sensor/service/sht2x/sht2x.o
LOAD ./temp_and_humi_sensor/service/sht3x/sht3x.o
START GROUP
LOAD c:/st/stm32cubeide_1.9.0/stm32cubeide/plugins/com.st.stm32cube.ide.mcu.externaltools.gnu-tools-for-stm32.10.3-2021.10.win32_1.0.0.202111181127/tools/bin/../lib/gcc/arm-none-eabi/10.3.1/../../../../arm-none-eabi/lib/thumb/v6-m/nofp\libc_nano.a
LOAD c:/st/stm32cubeide_1.9.0/stm32cubeide/plugins/com.st.stm32cube.ide.mcu.externaltools.gnu-tools-for-stm32.10.3-2021.10.win32_1.0.0.202111181127/tools/bin/../lib/gcc/arm-none-eabi/10.3.1/../../../../arm-none-eabi/lib/thumb/v6-m/nofp\libm.a
END GROUP
START GROUP
LOAD c:/st/stm32cubeide_1.9.0/stm32cubeide/plugins/com.st.stm32cube.ide.mcu.externaltools.gnu-tools-for-stm32.10.3-2021.10.win32_1.0.0.202111181127/tools/bin/../lib/gcc/arm-none-eabi/10.3.1/thumb/v6-m/nofp\libgcc.a
LOAD c:/st/stm32cubeide_1.9.0/stm32cubeide/plugins/com.st.stm32cube.ide.mcu.externaltools.gnu-tools-for-stm32.10.3-2021.10.win32_1.0.0.202111181127/tools/bin/../lib/gcc/arm-none-eabi/10.3.1/../../../../arm-none-eabi/lib/thumb/v6-m/nofp\libc_nano.a
END GROUP
START GROUP
LOAD c:/st/stm32cubeide_1.9.0/stm32cubeide/plugins/com.st.stm32cube.ide.mcu.externaltools.gnu-tools-for-stm32.10.3-2021.10.win32_1.0.0.202111181127/tools/bin/../lib/gcc/arm-none-eabi/10.3.1/thumb/v6-m/nofp\libgcc.a
LOAD c:/st/stm32cubeide_1.9.0/stm32cubeide/plugins/com.st.stm32cube.ide.mcu.externaltools.gnu-tools-for-stm32.10.3-2021.10.win32_1.0.0.202111181127/tools/bin/../lib/gcc/arm-none-eabi/10.3.1/../../../../arm-none-eabi/lib/thumb/v6-m/nofp\libc_nano.a
LOAD c:/st/stm32cubeide_1.9.0/stm32cubeide/plugins/com.st.stm32cube.ide.mcu.externaltools.gnu-tools-for-stm32.10.3-2021.10.win32_1.0.0.202111181127/tools/bin/../lib/gcc/arm-none-eabi/10.3.1/../../../../arm-none-eabi/lib/thumb/v6-m/nofp\libnosys.a
END GROUP
START GROUP
LOAD c:/st/stm32cubeide_1.9.0/stm32cubeide/plugins/com.st.stm32cube.ide.mcu.externaltools.gnu-tools-for-stm32.10.3-2021.10.win32_1.0.0.202111181127/tools/bin/../lib/gcc/arm-none-eabi/10.3.1/thumb/v6-m/nofp\libgcc.a
LOAD c:/st/stm32cubeide_1.9.0/stm32cubeide/plugins/com.st.stm32cube.ide.mcu.externaltools.gnu-tools-for-stm32.10.3-2021.10.win32_1.0.0.202111181127/tools/bin/../lib/gcc/arm-none-eabi/10.3.1/../../../../arm-none-eabi/lib/thumb/v6-m/nofp\libc_nano.a
LOAD c:/st/stm32cubeide_1.9.0/stm32cubeide/plugins/com.st.stm32cube.ide.mcu.externaltools.gnu-tools-for-stm32.10.3-2021.10.win32_1.0.0.202111181127/tools/bin/../lib/gcc/arm-none-eabi/10.3.1/../../../../arm-none-eabi/lib/thumb/v6-m/nofp\libnosys.a
END GROUP
LOAD c:/st/stm32cubeide_1.9.0/stm32cubeide/plugins/com.st.stm32cube.ide.mcu.externaltools.gnu-tools-for-stm32.10.3-2021.10.win32_1.0.0.202111181127/tools/bin/../lib/gcc/arm-none-eabi/10.3.1/thumb/v6-m/nofp/crtend.o
LOAD c:/st/stm32cubeide_1.9.0/stm32cubeide/plugins/com.st.stm32cube.ide.mcu.externaltools.gnu-tools-for-stm32.10.3-2021.10.win32_1.0.0.202111181127/tools/bin/../lib/gcc/arm-none-eabi/10.3.1/thumb/v6-m/nofp/crtn.o
                0x0000000020005000                _estack = (ORIGIN (RAM) + LENGTH (RAM))
                0x0000000000000200                _Min_Heap_Size = 0x200
                0x0000000000000400                _Min_Stack_Size = 0x400

.isr_vector     0x0000000008000000       0xc0
                0x0000000008000000                . = ALIGN (0x4)
 *(.isr_vector)
 .isr_vector    0x0000000008000000       0xc0 ./Core/Startup/startup_stm32l072cbtx.o
                0x0000000008000000                g_pfnVectors
                0x00000000080000c0                . = ALIGN (0x4)

.text           0x00000000080000c0     0xc9a4
                0x00000000080000c0                . = ALIGN (0x4)
 *(.text)
 .text          0x00000000080000c0       0x48 c:/st/stm32cubeide_1.9.0/stm32cubeide/plugins/com.st.stm32cube.ide.mcu.externaltools.gnu-tools-for-stm32.10.3-2021.10.win32_1.0.0.202111181127/tools/bin/../lib/gcc/arm-none-eabi/10.3.1/thumb/v6-m/nofp/crtbegin.o
 .text          0x0000000008000108        0xe c:/st/stm32cubeide_1.9.0/stm32cubeide/plugins/com.st.stm32cube.ide.mcu.externaltools.gnu-tools-for-stm32.10.3-2021.10.win32_1.0.0.202111181127/tools/bin/../lib/gcc/arm-none-eabi/10.3.1/../../../../arm-none-eabi/lib/thumb/v6-m/nofp\libc_nano.a(lib_a-strlen.o)
                0x0000000008000108                strlen
 *fill*         0x0000000008000116        0x2 
 .text          0x0000000008000118       0x14 c:/st/stm32cubeide_1.9.0/stm32cubeide/plugins/com.st.stm32cube.ide.mcu.externaltools.gnu-tools-for-stm32.10.3-2021.10.win32_1.0.0.202111181127/tools/bin/../lib/gcc/arm-none-eabi/10.3.1/thumb/v6-m/nofp\libgcc.a(_thumb1_case_uqi.o)
                0x0000000008000118                __gnu_thumb1_case_uqi
 .text          0x000000000800012c       0x14 c:/st/stm32cubeide_1.9.0/stm32cubeide/plugins/com.st.stm32cube.ide.mcu.externaltools.gnu-tools-for-stm32.10.3-2021.10.win32_1.0.0.202111181127/tools/bin/../lib/gcc/arm-none-eabi/10.3.1/thumb/v6-m/nofp\libgcc.a(_thumb1_case_shi.o)
                0x000000000800012c                __gnu_thumb1_case_shi
 .text          0x0000000008000140      0x114 c:/st/stm32cubeide_1.9.0/stm32cubeide/plugins/com.st.stm32cube.ide.mcu.externaltools.gnu-tools-for-stm32.10.3-2021.10.win32_1.0.0.202111181127/tools/bin/../lib/gcc/arm-none-eabi/10.3.1/thumb/v6-m/nofp\libgcc.a(_udivsi3.o)
                0x0000000008000140                __aeabi_uidiv
                0x0000000008000140                __udivsi3
                0x000000000800024c                __aeabi_uidivmod
 .text          0x0000000008000254      0x1d4 c:/st/stm32cubeide_1.9.0/stm32cubeide/plugins/com.st.stm32cube.ide.mcu.externaltools.gnu-tools-for-stm32.10.3-2021.10.win32_1.0.0.202111181127/tools/bin/../lib/gcc/arm-none-eabi/10.3.1/thumb/v6-m/nofp\libgcc.a(_divsi3.o)
                0x0000000008000254                __divsi3
                0x0000000008000254                __aeabi_idiv
                0x0000000008000420                __aeabi_idivmod
 .text          0x0000000008000428        0x4 c:/st/stm32cubeide_1.9.0/stm32cubeide/plugins/com.st.stm32cube.ide.mcu.externaltools.gnu-tools-for-stm32.10.3-2021.10.win32_1.0.0.202111181127/tools/bin/../lib/gcc/arm-none-eabi/10.3.1/thumb/v6-m/nofp\libgcc.a(_dvmd_tls.o)
                0x0000000008000428                __aeabi_idiv0
                0x0000000008000428                __aeabi_ldiv0
 .text          0x000000000800042c       0x7c c:/st/stm32cubeide_1.9.0/stm32cubeide/plugins/com.st.stm32cube.ide.mcu.externaltools.gnu-tools-for-stm32.10.3-2021.10.win32_1.0.0.202111181127/tools/bin/../lib/gcc/arm-none-eabi/10.3.1/thumb/v6-m/nofp\libgcc.a(_arm_cmpdf2.o)
                0x000000000800042c                __aeabi_cdrcmple
                0x000000000800043c                __aeabi_cdcmple
                0x000000000800043c                __aeabi_cdcmpeq
                0x000000000800044c                __aeabi_dcmpeq
                0x0000000008000458                __aeabi_dcmplt
                0x000000000800046c                __aeabi_dcmple
                0x0000000008000480                __aeabi_dcmpgt
                0x0000000008000494                __aeabi_dcmpge
 .text          0x00000000080004a8       0x40 c:/st/stm32cubeide_1.9.0/stm32cubeide/plugins/com.st.stm32cube.ide.mcu.externaltools.gnu-tools-for-stm32.10.3-2021.10.win32_1.0.0.202111181127/tools/bin/../lib/gcc/arm-none-eabi/10.3.1/thumb/v6-m/nofp\libgcc.a(_aeabi_uldivmod.o)
                0x00000000080004a8                __aeabi_uldivmod
 .text          0x00000000080004e8       0x5c c:/st/stm32cubeide_1.9.0/stm32cubeide/plugins/com.st.stm32cube.ide.mcu.externaltools.gnu-tools-for-stm32.10.3-2021.10.win32_1.0.0.202111181127/tools/bin/../lib/gcc/arm-none-eabi/10.3.1/thumb/v6-m/nofp\libgcc.a(_muldi3.o)
                0x00000000080004e8                __muldi3
                0x00000000080004e8                __aeabi_lmul
 .text          0x0000000008000544       0x30 c:/st/stm32cubeide_1.9.0/stm32cubeide/plugins/com.st.stm32cube.ide.mcu.externaltools.gnu-tools-for-stm32.10.3-2021.10.win32_1.0.0.202111181127/tools/bin/../lib/gcc/arm-none-eabi/10.3.1/thumb/v6-m/nofp\libgcc.a(_fixunssfsi.o)
                0x0000000008000544                __fixunssfsi
                0x0000000008000544                __aeabi_f2uiz
 .text          0x0000000008000574      0x198 c:/st/stm32cubeide_1.9.0/stm32cubeide/plugins/com.st.stm32cube.ide.mcu.externaltools.gnu-tools-for-stm32.10.3-2021.10.win32_1.0.0.202111181127/tools/bin/../lib/gcc/arm-none-eabi/10.3.1/thumb/v6-m/nofp\libgcc.a(_udivmoddi4.o)
                0x0000000008000574                __udivmoddi4
 .text          0x000000000800070c      0x230 c:/st/stm32cubeide_1.9.0/stm32cubeide/plugins/com.st.stm32cube.ide.mcu.externaltools.gnu-tools-for-stm32.10.3-2021.10.win32_1.0.0.202111181127/tools/bin/../lib/gcc/arm-none-eabi/10.3.1/thumb/v6-m/nofp\libgcc.a(divsf3.o)
                0x000000000800070c                __aeabi_fdiv
 .text          0x000000000800093c      0x24c c:/st/stm32cubeide_1.9.0/stm32cubeide/plugins/com.st.stm32cube.ide.mcu.externaltools.gnu-tools-for-stm32.10.3-2021.10.win32_1.0.0.202111181127/tools/bin/../lib/gcc/arm-none-eabi/10.3.1/thumb/v6-m/nofp\libgcc.a(mulsf3.o)
                0x000000000800093c                __aeabi_fmul
 .text          0x0000000008000b88      0x35c c:/st/stm32cubeide_1.9.0/stm32cubeide/plugins/com.st.stm32cube.ide.mcu.externaltools.gnu-tools-for-stm32.10.3-2021.10.win32_1.0.0.202111181127/tools/bin/../lib/gcc/arm-none-eabi/10.3.1/thumb/v6-m/nofp\libgcc.a(subsf3.o)
                0x0000000008000b88                __aeabi_fsub
 .text          0x0000000008000ee4       0x40 c:/st/stm32cubeide_1.9.0/stm32cubeide/plugins/com.st.stm32cube.ide.mcu.externaltools.gnu-tools-for-stm32.10.3-2021.10.win32_1.0.0.202111181127/tools/bin/../lib/gcc/arm-none-eabi/10.3.1/thumb/v6-m/nofp\libgcc.a(fixsfsi.o)
                0x0000000008000ee4                __aeabi_f2iz
 .text          0x0000000008000f24       0x9c c:/st/stm32cubeide_1.9.0/stm32cubeide/plugins/com.st.stm32cube.ide.mcu.externaltools.gnu-tools-for-stm32.10.3-2021.10.win32_1.0.0.202111181127/tools/bin/../lib/gcc/arm-none-eabi/10.3.1/thumb/v6-m/nofp\libgcc.a(floatsisf.o)
                0x0000000008000f24                __aeabi_i2f
 .text          0x0000000008000fc0       0x84 c:/st/stm32cubeide_1.9.0/stm32cubeide/plugins/com.st.stm32cube.ide.mcu.externaltools.gnu-tools-for-stm32.10.3-2021.10.win32_1.0.0.202111181127/tools/bin/../lib/gcc/arm-none-eabi/10.3.1/thumb/v6-m/nofp\libgcc.a(floatunsisf.o)
                0x0000000008000fc0                __aeabi_ui2f
 .text          0x0000000008001044      0x678 c:/st/stm32cubeide_1.9.0/stm32cubeide/plugins/com.st.stm32cube.ide.mcu.externaltools.gnu-tools-for-stm32.10.3-2021.10.win32_1.0.0.202111181127/tools/bin/../lib/gcc/arm-none-eabi/10.3.1/thumb/v6-m/nofp\libgcc.a(adddf3.o)
                0x0000000008001044                __aeabi_dadd
 .text          0x00000000080016bc      0x5ec c:/st/stm32cubeide_1.9.0/stm32cubeide/plugins/com.st.stm32cube.ide.mcu.externaltools.gnu-tools-for-stm32.10.3-2021.10.win32_1.0.0.202111181127/tools/bin/../lib/gcc/arm-none-eabi/10.3.1/thumb/v6-m/nofp\libgcc.a(divdf3.o)
                0x00000000080016bc                __aeabi_ddiv
 .text          0x0000000008001ca8       0x84 c:/st/stm32cubeide_1.9.0/stm32cubeide/plugins/com.st.stm32cube.ide.mcu.externaltools.gnu-tools-for-stm32.10.3-2021.10.win32_1.0.0.202111181127/tools/bin/../lib/gcc/arm-none-eabi/10.3.1/thumb/v6-m/nofp\libgcc.a(eqdf2.o)
                0x0000000008001ca8                __nedf2
                0x0000000008001ca8                __eqdf2
 .text          0x0000000008001d2c       0xcc c:/st/stm32cubeide_1.9.0/stm32cubeide/plugins/com.st.stm32cube.ide.mcu.externaltools.gnu-tools-for-stm32.10.3-2021.10.win32_1.0.0.202111181127/tools/bin/../lib/gcc/arm-none-eabi/10.3.1/thumb/v6-m/nofp\libgcc.a(gedf2.o)
                0x0000000008001d2c                __gedf2
                0x0000000008001d2c                __gtdf2
 .text          0x0000000008001df8       0xc8 c:/st/stm32cubeide_1.9.0/stm32cubeide/plugins/com.st.stm32cube.ide.mcu.externaltools.gnu-tools-for-stm32.10.3-2021.10.win32_1.0.0.202111181127/tools/bin/../lib/gcc/arm-none-eabi/10.3.1/thumb/v6-m/nofp\libgcc.a(ledf2.o)
                0x0000000008001df8                __ledf2
                0x0000000008001df8                __ltdf2
 .text          0x0000000008001ec0      0x4d8 c:/st/stm32cubeide_1.9.0/stm32cubeide/plugins/com.st.stm32cube.ide.mcu.externaltools.gnu-tools-for-stm32.10.3-2021.10.win32_1.0.0.202111181127/tools/bin/../lib/gcc/arm-none-eabi/10.3.1/thumb/v6-m/nofp\libgcc.a(muldf3.o)
                0x0000000008001ec0                __aeabi_dmul
 .text          0x0000000008002398      0x724 c:/st/stm32cubeide_1.9.0/stm32cubeide/plugins/com.st.stm32cube.ide.mcu.externaltools.gnu-tools-for-stm32.10.3-2021.10.win32_1.0.0.202111181127/tools/bin/../lib/gcc/arm-none-eabi/10.3.1/thumb/v6-m/nofp\libgcc.a(subdf3.o)
                0x0000000008002398                __aeabi_dsub
 .text          0x0000000008002abc       0x3c c:/st/stm32cubeide_1.9.0/stm32cubeide/plugins/com.st.stm32cube.ide.mcu.externaltools.gnu-tools-for-stm32.10.3-2021.10.win32_1.0.0.202111181127/tools/bin/../lib/gcc/arm-none-eabi/10.3.1/thumb/v6-m/nofp\libgcc.a(unorddf2.o)
                0x0000000008002abc                __aeabi_dcmpun
 .text          0x0000000008002af8       0x6c c:/st/stm32cubeide_1.9.0/stm32cubeide/plugins/com.st.stm32cube.ide.mcu.externaltools.gnu-tools-for-stm32.10.3-2021.10.win32_1.0.0.202111181127/tools/bin/../lib/gcc/arm-none-eabi/10.3.1/thumb/v6-m/nofp\libgcc.a(fixdfsi.o)
                0x0000000008002af8                __aeabi_d2iz
 .text          0x0000000008002b64       0x60 c:/st/stm32cubeide_1.9.0/stm32cubeide/plugins/com.st.stm32cube.ide.mcu.externaltools.gnu-tools-for-stm32.10.3-2021.10.win32_1.0.0.202111181127/tools/bin/../lib/gcc/arm-none-eabi/10.3.1/thumb/v6-m/nofp\libgcc.a(floatsidf.o)
                0x0000000008002b64                __aeabi_i2d
 .text          0x0000000008002bc4       0x4c c:/st/stm32cubeide_1.9.0/stm32cubeide/plugins/com.st.stm32cube.ide.mcu.externaltools.gnu-tools-for-stm32.10.3-2021.10.win32_1.0.0.202111181127/tools/bin/../lib/gcc/arm-none-eabi/10.3.1/thumb/v6-m/nofp\libgcc.a(floatunsidf.o)
                0x0000000008002bc4                __aeabi_ui2d
 .text          0x0000000008002c10       0x74 c:/st/stm32cubeide_1.9.0/stm32cubeide/plugins/com.st.stm32cube.ide.mcu.externaltools.gnu-tools-for-stm32.10.3-2021.10.win32_1.0.0.202111181127/tools/bin/../lib/gcc/arm-none-eabi/10.3.1/thumb/v6-m/nofp\libgcc.a(_arm_cmpsf2.o)
                0x0000000008002c10                __aeabi_cfrcmple
                0x0000000008002c18                __aeabi_cfcmpeq
                0x0000000008002c18                __aeabi_cfcmple
                0x0000000008002c28                __aeabi_fcmpeq
                0x0000000008002c34                __aeabi_fcmplt
                0x0000000008002c48                __aeabi_fcmple
                0x0000000008002c5c                __aeabi_fcmpgt
                0x0000000008002c70                __aeabi_fcmpge
 .text          0x0000000008002c84       0x3c c:/st/stm32cubeide_1.9.0/stm32cubeide/plugins/com.st.stm32cube.ide.mcu.externaltools.gnu-tools-for-stm32.10.3-2021.10.win32_1.0.0.202111181127/tools/bin/../lib/gcc/arm-none-eabi/10.3.1/thumb/v6-m/nofp\libgcc.a(_clzsi2.o)
                0x0000000008002c84                __clzsi2
 .text          0x0000000008002cc0       0x18 c:/st/stm32cubeide_1.9.0/stm32cubeide/plugins/com.st.stm32cube.ide.mcu.externaltools.gnu-tools-for-stm32.10.3-2021.10.win32_1.0.0.202111181127/tools/bin/../lib/gcc/arm-none-eabi/10.3.1/thumb/v6-m/nofp\libgcc.a(_clzdi2.o)
                0x0000000008002cc0                __clzdi2
 .text          0x0000000008002cd8       0x4c c:/st/stm32cubeide_1.9.0/stm32cubeide/plugins/com.st.stm32cube.ide.mcu.externaltools.gnu-tools-for-stm32.10.3-2021.10.win32_1.0.0.202111181127/tools/bin/../lib/gcc/arm-none-eabi/10.3.1/thumb/v6-m/nofp\libgcc.a(eqsf2.o)
                0x0000000008002cd8                __eqsf2
                0x0000000008002cd8                __nesf2
 .text          0x0000000008002d24       0x8c c:/st/stm32cubeide_1.9.0/stm32cubeide/plugins/com.st.stm32cube.ide.mcu.externaltools.gnu-tools-for-stm32.10.3-2021.10.win32_1.0.0.202111181127/tools/bin/../lib/gcc/arm-none-eabi/10.3.1/thumb/v6-m/nofp\libgcc.a(gesf2.o)
                0x0000000008002d24                __gesf2
                0x0000000008002d24                __gtsf2
 .text          0x0000000008002db0       0x88 c:/st/stm32cubeide_1.9.0/stm32cubeide/plugins/com.st.stm32cube.ide.mcu.externaltools.gnu-tools-for-stm32.10.3-2021.10.win32_1.0.0.202111181127/tools/bin/../lib/gcc/arm-none-eabi/10.3.1/thumb/v6-m/nofp\libgcc.a(lesf2.o)
                0x0000000008002db0                __ltsf2
                0x0000000008002db0                __lesf2
 *(.text*)
 .text.MX_GPIO_Init
                0x0000000008002e38       0xdc ./Core/Src/gpio.o
                0x0000000008002e38                MX_GPIO_Init
 .text.MX_I2C1_Init
                0x0000000008002f14       0x80 ./Core/Src/i2c.o
                0x0000000008002f14                MX_I2C1_Init
 .text.HAL_I2C_MspInit
                0x0000000008002f94       0x88 ./Core/Src/i2c.o
                0x0000000008002f94                HAL_I2C_MspInit
 .text.main     0x000000000800301c       0xd4 ./Core/Src/main.o
                0x000000000800301c                main
 .text.SystemClock_Config
                0x00000000080030f0      0x114 ./Core/Src/main.o
                0x00000000080030f0                SystemClock_Config
 .text.HAL_UART_RxCpltCallback
                0x0000000008003204       0x14 ./Core/Src/main.o
                0x0000000008003204                HAL_UART_RxCpltCallback
 .text.HAL_TIM_PeriodElapsedCallback
                0x0000000008003218       0x14 ./Core/Src/main.o
                0x0000000008003218                HAL_TIM_PeriodElapsedCallback
 .text.Error_Handler
                0x000000000800322c        0xa ./Core/Src/main.o
                0x000000000800322c                Error_Handler
 *fill*         0x0000000008003236        0x2 
 .text.MX_RTC_Init
                0x0000000008003238       0x54 ./Core/Src/rtc.o
                0x0000000008003238                MX_RTC_Init
 .text.HAL_RTC_MspInit
                0x000000000800328c       0x30 ./Core/Src/rtc.o
                0x000000000800328c                HAL_RTC_MspInit
 .text.HAL_MspInit
                0x00000000080032bc       0x28 ./Core/Src/stm32l0xx_hal_msp.o
                0x00000000080032bc                HAL_MspInit
 .text.NMI_Handler
                0x00000000080032e4        0x6 ./Core/Src/stm32l0xx_it.o
                0x00000000080032e4                NMI_Handler
 .text.HardFault_Handler
                0x00000000080032ea        0x6 ./Core/Src/stm32l0xx_it.o
                0x00000000080032ea                HardFault_Handler
 .text.SVC_Handler
                0x00000000080032f0        0xa ./Core/Src/stm32l0xx_it.o
                0x00000000080032f0                SVC_Handler
 .text.PendSV_Handler
                0x00000000080032fa        0xa ./Core/Src/stm32l0xx_it.o
                0x00000000080032fa                PendSV_Handler
 .text.SysTick_Handler
                0x0000000008003304        0xe ./Core/Src/stm32l0xx_it.o
                0x0000000008003304                SysTick_Handler
 *fill*         0x0000000008003312        0x2 
 .text.TIM2_IRQHandler
                0x0000000008003314       0x18 ./Core/Src/stm32l0xx_it.o
                0x0000000008003314                TIM2_IRQHandler
 .text.TIM3_IRQHandler
                0x000000000800332c       0x18 ./Core/Src/stm32l0xx_it.o
                0x000000000800332c                TIM3_IRQHandler
 .text.USART1_IRQHandler
                0x0000000008003344       0x18 ./Core/Src/stm32l0xx_it.o
                0x0000000008003344                USART1_IRQHandler
 .text.RNG_LPUART1_IRQHandler
                0x000000000800335c       0x18 ./Core/Src/stm32l0xx_it.o
                0x000000000800335c                RNG_LPUART1_IRQHandler
 .text._getpid  0x0000000008003374        0xc ./Core/Src/syscalls.o
                0x0000000008003374                _getpid
 .text._kill    0x0000000008003380       0x20 ./Core/Src/syscalls.o
                0x0000000008003380                _kill
 .text._exit    0x00000000080033a0       0x18 ./Core/Src/syscalls.o
                0x00000000080033a0                _exit
 .text._read    0x00000000080033b8       0x3a ./Core/Src/syscalls.o
                0x00000000080033b8                _read
 .text._write   0x00000000080033f2       0x38 ./Core/Src/syscalls.o
                0x00000000080033f2                _write
 .text._close   0x000000000800342a       0x14 ./Core/Src/syscalls.o
                0x000000000800342a                _close
 .text._fstat   0x000000000800343e       0x1c ./Core/Src/syscalls.o
                0x000000000800343e                _fstat
 .text._isatty  0x000000000800345a       0x12 ./Core/Src/syscalls.o
                0x000000000800345a                _isatty
 .text._lseek   0x000000000800346c       0x16 ./Core/Src/syscalls.o
                0x000000000800346c                _lseek
 *fill*         0x0000000008003482        0x2 
 .text._sbrk    0x0000000008003484       0x6c ./Core/Src/sysmem.o
                0x0000000008003484                _sbrk
 .text.SystemInit
                0x00000000080034f0        0xa ./Core/Src/system_stm32l0xx.o
                0x00000000080034f0                SystemInit
 *fill*         0x00000000080034fa        0x2 
 .text.MX_TIM2_Init
                0x00000000080034fc       0xa4 ./Core/Src/tim.o
                0x00000000080034fc                MX_TIM2_Init
 .text.MX_TIM3_Init
                0x00000000080035a0       0xac ./Core/Src/tim.o
                0x00000000080035a0                MX_TIM3_Init
 .text.HAL_TIM_Base_MspInit
                0x000000000800364c       0x68 ./Core/Src/tim.o
                0x000000000800364c                HAL_TIM_Base_MspInit
 .text.MX_LPUART1_UART_Init
                0x00000000080036b4       0x5c ./Core/Src/usart.o
                0x00000000080036b4                MX_LPUART1_UART_Init
 .text.MX_USART1_UART_Init
                0x0000000008003710       0x60 ./Core/Src/usart.o
                0x0000000008003710                MX_USART1_UART_Init
 .text.HAL_UART_MspInit
                0x0000000008003770      0x10c ./Core/Src/usart.o
                0x0000000008003770                HAL_UART_MspInit
 .text.Reset_Handler
                0x000000000800387c       0x50 ./Core/Startup/startup_stm32l072cbtx.o
                0x000000000800387c                Reset_Handler
 .text.Default_Handler
                0x00000000080038cc        0x2 ./Core/Startup/startup_stm32l072cbtx.o
                0x00000000080038cc                TSC_IRQHandler
                0x00000000080038cc                ADC1_COMP_IRQHandler
                0x00000000080038cc                PVD_IRQHandler
                0x00000000080038cc                I2C1_IRQHandler
                0x00000000080038cc                RCC_CRS_IRQHandler
                0x00000000080038cc                SPI1_IRQHandler
                0x00000000080038cc                TIM6_DAC_IRQHandler
                0x00000000080038cc                EXTI2_3_IRQHandler
                0x00000000080038cc                I2C2_IRQHandler
                0x00000000080038cc                RTC_IRQHandler
                0x00000000080038cc                DMA1_Channel4_5_6_7_IRQHandler
                0x00000000080038cc                EXTI4_15_IRQHandler
                0x00000000080038cc                DMA1_Channel1_IRQHandler
                0x00000000080038cc                USART4_5_IRQHandler
                0x00000000080038cc                Default_Handler
                0x00000000080038cc                TIM22_IRQHandler
                0x00000000080038cc                TIM7_IRQHandler
                0x00000000080038cc                EXTI0_1_IRQHandler
                0x00000000080038cc                USB_IRQHandler
                0x00000000080038cc                I2C3_IRQHandler
                0x00000000080038cc                SPI2_IRQHandler
                0x00000000080038cc                TIM21_IRQHandler
                0x00000000080038cc                WWDG_IRQHandler
                0x00000000080038cc                DMA1_Channel2_3_IRQHandler
                0x00000000080038cc                USART2_IRQHandler
                0x00000000080038cc                FLASH_IRQHandler
                0x00000000080038cc                LPTIM1_IRQHandler
 *fill*         0x00000000080038ce        0x2 
 .text.HAL_Init
                0x00000000080038d0       0x40 ./Drivers/STM32L0xx_HAL_Driver/Src/stm32l0xx_hal.o
                0x00000000080038d0                HAL_Init
 .text.HAL_InitTick
                0x0000000008003910       0x68 ./Drivers/STM32L0xx_HAL_Driver/Src/stm32l0xx_hal.o
                0x0000000008003910                HAL_InitTick
 .text.HAL_IncTick
                0x0000000008003978       0x24 ./Drivers/STM32L0xx_HAL_Driver/Src/stm32l0xx_hal.o
                0x0000000008003978                HAL_IncTick
 .text.HAL_GetTick
                0x000000000800399c       0x14 ./Drivers/STM32L0xx_HAL_Driver/Src/stm32l0xx_hal.o
                0x000000000800399c                HAL_GetTick
 .text.__NVIC_EnableIRQ
                0x00000000080039b0       0x34 ./Drivers/STM32L0xx_HAL_Driver/Src/stm32l0xx_hal_cortex.o
 .text.__NVIC_SetPriority
                0x00000000080039e4       0xdc ./Drivers/STM32L0xx_HAL_Driver/Src/stm32l0xx_hal_cortex.o
 .text.SysTick_Config
                0x0000000008003ac0       0x48 ./Drivers/STM32L0xx_HAL_Driver/Src/stm32l0xx_hal_cortex.o
 .text.HAL_NVIC_SetPriority
                0x0000000008003b08       0x2a ./Drivers/STM32L0xx_HAL_Driver/Src/stm32l0xx_hal_cortex.o
                0x0000000008003b08                HAL_NVIC_SetPriority
 .text.HAL_NVIC_EnableIRQ
                0x0000000008003b32       0x20 ./Drivers/STM32L0xx_HAL_Driver/Src/stm32l0xx_hal_cortex.o
                0x0000000008003b32                HAL_NVIC_EnableIRQ
 .text.HAL_SYSTICK_Config
                0x0000000008003b52       0x1a ./Drivers/STM32L0xx_HAL_Driver/Src/stm32l0xx_hal_cortex.o
                0x0000000008003b52                HAL_SYSTICK_Config
 .text.HAL_DMA_Abort
                0x0000000008003b6c       0x80 ./Drivers/STM32L0xx_HAL_Driver/Src/stm32l0xx_hal_dma.o
                0x0000000008003b6c                HAL_DMA_Abort
 .text.HAL_DMA_Abort_IT
                0x0000000008003bec       0x8e ./Drivers/STM32L0xx_HAL_Driver/Src/stm32l0xx_hal_dma.o
                0x0000000008003bec                HAL_DMA_Abort_IT
 *fill*         0x0000000008003c7a        0x2 
 .text.HAL_GPIO_Init
                0x0000000008003c7c      0x2fc ./Drivers/STM32L0xx_HAL_Driver/Src/stm32l0xx_hal_gpio.o
                0x0000000008003c7c                HAL_GPIO_Init
 .text.HAL_GPIO_WritePin
                0x0000000008003f78       0x3a ./Drivers/STM32L0xx_HAL_Driver/Src/stm32l0xx_hal_gpio.o
                0x0000000008003f78                HAL_GPIO_WritePin
 *fill*         0x0000000008003fb2        0x2 
 .text.HAL_I2C_Init
                0x0000000008003fb4      0x12c ./Drivers/STM32L0xx_HAL_Driver/Src/stm32l0xx_hal_i2c.o
                0x0000000008003fb4                HAL_I2C_Init
 .text.HAL_I2C_Master_Transmit
                0x00000000080040e0      0x210 ./Drivers/STM32L0xx_HAL_Driver/Src/stm32l0xx_hal_i2c.o
                0x00000000080040e0                HAL_I2C_Master_Transmit
 .text.HAL_I2C_Master_Receive
                0x00000000080042f0      0x210 ./Drivers/STM32L0xx_HAL_Driver/Src/stm32l0xx_hal_i2c.o
                0x00000000080042f0                HAL_I2C_Master_Receive
 .text.I2C_Flush_TXDR
                0x0000000008004500       0x44 ./Drivers/STM32L0xx_HAL_Driver/Src/stm32l0xx_hal_i2c.o
 .text.I2C_WaitOnFlagUntilTimeout
                0x0000000008004544       0x7e ./Drivers/STM32L0xx_HAL_Driver/Src/stm32l0xx_hal_i2c.o
 .text.I2C_WaitOnTXISFlagUntilTimeout
                0x00000000080045c2       0x7e ./Drivers/STM32L0xx_HAL_Driver/Src/stm32l0xx_hal_i2c.o
 .text.I2C_WaitOnSTOPFlagUntilTimeout
                0x0000000008004640       0x78 ./Drivers/STM32L0xx_HAL_Driver/Src/stm32l0xx_hal_i2c.o
 .text.I2C_WaitOnRXNEFlagUntilTimeout
                0x00000000080046b8       0xd8 ./Drivers/STM32L0xx_HAL_Driver/Src/stm32l0xx_hal_i2c.o
 .text.I2C_IsAcknowledgeFailed
                0x0000000008004790       0xf4 ./Drivers/STM32L0xx_HAL_Driver/Src/stm32l0xx_hal_i2c.o
 .text.I2C_TransferConfig
                0x0000000008004884       0x6c ./Drivers/STM32L0xx_HAL_Driver/Src/stm32l0xx_hal_i2c.o
 .text.HAL_I2CEx_ConfigAnalogFilter
                0x00000000080048f0       0x98 ./Drivers/STM32L0xx_HAL_Driver/Src/stm32l0xx_hal_i2c_ex.o
                0x00000000080048f0                HAL_I2CEx_ConfigAnalogFilter
 .text.HAL_I2CEx_ConfigDigitalFilter
                0x0000000008004988       0x98 ./Drivers/STM32L0xx_HAL_Driver/Src/stm32l0xx_hal_i2c_ex.o
                0x0000000008004988                HAL_I2CEx_ConfigDigitalFilter
 .text.HAL_PWR_EnableBkUpAccess
                0x0000000008004a20       0x1c ./Drivers/STM32L0xx_HAL_Driver/Src/stm32l0xx_hal_pwr.o
                0x0000000008004a20                HAL_PWR_EnableBkUpAccess
 .text.HAL_RCC_OscConfig
                0x0000000008004a3c      0x7a8 ./Drivers/STM32L0xx_HAL_Driver/Src/stm32l0xx_hal_rcc.o
                0x0000000008004a3c                HAL_RCC_OscConfig
 .text.HAL_RCC_ClockConfig
                0x00000000080051e4      0x290 ./Drivers/STM32L0xx_HAL_Driver/Src/stm32l0xx_hal_rcc.o
                0x00000000080051e4                HAL_RCC_ClockConfig
 .text.HAL_RCC_GetSysClockFreq
                0x0000000008005474      0x14c ./Drivers/STM32L0xx_HAL_Driver/Src/stm32l0xx_hal_rcc.o
                0x0000000008005474                HAL_RCC_GetSysClockFreq
 .text.HAL_RCC_GetHCLKFreq
                0x00000000080055c0       0x14 ./Drivers/STM32L0xx_HAL_Driver/Src/stm32l0xx_hal_rcc.o
                0x00000000080055c0                HAL_RCC_GetHCLKFreq
 .text.HAL_RCC_GetPCLK1Freq
                0x00000000080055d4       0x2c ./Drivers/STM32L0xx_HAL_Driver/Src/stm32l0xx_hal_rcc.o
                0x00000000080055d4                HAL_RCC_GetPCLK1Freq
 .text.HAL_RCC_GetPCLK2Freq
                0x0000000008005600       0x2c ./Drivers/STM32L0xx_HAL_Driver/Src/stm32l0xx_hal_rcc.o
                0x0000000008005600                HAL_RCC_GetPCLK2Freq
 .text.HAL_RCCEx_PeriphCLKConfig
                0x000000000800562c      0x2ac ./Drivers/STM32L0xx_HAL_Driver/Src/stm32l0xx_hal_rcc_ex.o
                0x000000000800562c                HAL_RCCEx_PeriphCLKConfig
 .text.HAL_RTC_Init
                0x00000000080058d8      0x13c ./Drivers/STM32L0xx_HAL_Driver/Src/stm32l0xx_hal_rtc.o
                0x00000000080058d8                HAL_RTC_Init
 .text.HAL_RTC_WaitForSynchro
                0x0000000008005a14       0x4e ./Drivers/STM32L0xx_HAL_Driver/Src/stm32l0xx_hal_rtc.o
                0x0000000008005a14                HAL_RTC_WaitForSynchro
 .text.RTC_EnterInitMode
                0x0000000008005a62       0x54 ./Drivers/STM32L0xx_HAL_Driver/Src/stm32l0xx_hal_rtc.o
                0x0000000008005a62                RTC_EnterInitMode
 .text.HAL_TIM_Base_Init
                0x0000000008005ab6       0x80 ./Drivers/STM32L0xx_HAL_Driver/Src/stm32l0xx_hal_tim.o
                0x0000000008005ab6                HAL_TIM_Base_Init
 *fill*         0x0000000008005b36        0x2 
 .text.HAL_TIM_Base_Start_IT
                0x0000000008005b38       0xa4 ./Drivers/STM32L0xx_HAL_Driver/Src/stm32l0xx_hal_tim.o
                0x0000000008005b38                HAL_TIM_Base_Start_IT
 .text.HAL_TIM_Base_Stop_IT
                0x0000000008005bdc       0x4c ./Drivers/STM32L0xx_HAL_Driver/Src/stm32l0xx_hal_tim.o
                0x0000000008005bdc                HAL_TIM_Base_Stop_IT
 .text.HAL_TIM_IRQHandler
                0x0000000008005c28      0x1d0 ./Drivers/STM32L0xx_HAL_Driver/Src/stm32l0xx_hal_tim.o
                0x0000000008005c28                HAL_TIM_IRQHandler
 .text.HAL_TIM_ConfigClockSource
                0x0000000008005df8      0x1a8 ./Drivers/STM32L0xx_HAL_Driver/Src/stm32l0xx_hal_tim.o
                0x0000000008005df8                HAL_TIM_ConfigClockSource
 .text.HAL_TIM_OC_DelayElapsedCallback
                0x0000000008005fa0       0x10 ./Drivers/STM32L0xx_HAL_Driver/Src/stm32l0xx_hal_tim.o
                0x0000000008005fa0                HAL_TIM_OC_DelayElapsedCallback
 .text.HAL_TIM_IC_CaptureCallback
                0x0000000008005fb0       0x10 ./Drivers/STM32L0xx_HAL_Driver/Src/stm32l0xx_hal_tim.o
                0x0000000008005fb0                HAL_TIM_IC_CaptureCallback
 .text.HAL_TIM_PWM_PulseFinishedCallback
                0x0000000008005fc0       0x10 ./Drivers/STM32L0xx_HAL_Driver/Src/stm32l0xx_hal_tim.o
                0x0000000008005fc0                HAL_TIM_PWM_PulseFinishedCallback
 .text.HAL_TIM_TriggerCallback
                0x0000000008005fd0       0x10 ./Drivers/STM32L0xx_HAL_Driver/Src/stm32l0xx_hal_tim.o
                0x0000000008005fd0                HAL_TIM_TriggerCallback
 .text.TIM_Base_SetConfig
                0x0000000008005fe0       0xbc ./Drivers/STM32L0xx_HAL_Driver/Src/stm32l0xx_hal_tim.o
 .text.TIM_TI1_ConfigInputStage
                0x000000000800609c       0x5c ./Drivers/STM32L0xx_HAL_Driver/Src/stm32l0xx_hal_tim.o
 .text.TIM_TI2_ConfigInputStage
                0x00000000080060f8       0x64 ./Drivers/STM32L0xx_HAL_Driver/Src/stm32l0xx_hal_tim.o
 .text.TIM_ITRx_SetConfig
                0x000000000800615c       0x32 ./Drivers/STM32L0xx_HAL_Driver/Src/stm32l0xx_hal_tim.o
 *fill*         0x000000000800618e        0x2 
 .text.TIM_ETR_SetConfig
                0x0000000008006190       0x40 ./Drivers/STM32L0xx_HAL_Driver/Src/stm32l0xx_hal_tim.o
 .text.HAL_TIMEx_MasterConfigSynchronization
                0x00000000080061d0       0xbc ./Drivers/STM32L0xx_HAL_Driver/Src/stm32l0xx_hal_tim_ex.o
                0x00000000080061d0                HAL_TIMEx_MasterConfigSynchronization
 .text.HAL_UART_Init
                0x000000000800628c       0xa8 ./Drivers/STM32L0xx_HAL_Driver/Src/stm32l0xx_hal_uart.o
                0x000000000800628c                HAL_UART_Init
 .text.HAL_UART_Transmit_IT
                0x0000000008006334      0x100 ./Drivers/STM32L0xx_HAL_Driver/Src/stm32l0xx_hal_uart.o
                0x0000000008006334                HAL_UART_Transmit_IT
 .text.HAL_UART_Receive_IT
                0x0000000008006434       0xd0 ./Drivers/STM32L0xx_HAL_Driver/Src/stm32l0xx_hal_uart.o
                0x0000000008006434                HAL_UART_Receive_IT
 .text.HAL_UART_AbortTransmit_IT
                0x0000000008006504       0xf0 ./Drivers/STM32L0xx_HAL_Driver/Src/stm32l0xx_hal_uart.o
                0x0000000008006504                HAL_UART_AbortTransmit_IT
 .text.HAL_UART_AbortReceive_IT
                0x00000000080065f4      0x18c ./Drivers/STM32L0xx_HAL_Driver/Src/stm32l0xx_hal_uart.o
                0x00000000080065f4                HAL_UART_AbortReceive_IT
 .text.HAL_UART_IRQHandler
                0x0000000008006780      0x5b4 ./Drivers/STM32L0xx_HAL_Driver/Src/stm32l0xx_hal_uart.o
                0x0000000008006780                HAL_UART_IRQHandler
 .text.HAL_UART_TxCpltCallback
                0x0000000008006d34       0x10 ./Drivers/STM32L0xx_HAL_Driver/Src/stm32l0xx_hal_uart.o
                0x0000000008006d34                HAL_UART_TxCpltCallback
 .text.HAL_UART_ErrorCallback
                0x0000000008006d44       0x10 ./Drivers/STM32L0xx_HAL_Driver/Src/stm32l0xx_hal_uart.o
                0x0000000008006d44                HAL_UART_ErrorCallback
 .text.HAL_UART_AbortTransmitCpltCallback
                0x0000000008006d54       0x10 ./Drivers/STM32L0xx_HAL_Driver/Src/stm32l0xx_hal_uart.o
                0x0000000008006d54                HAL_UART_AbortTransmitCpltCallback
 .text.HAL_UART_AbortReceiveCpltCallback
                0x0000000008006d64       0x10 ./Drivers/STM32L0xx_HAL_Driver/Src/stm32l0xx_hal_uart.o
                0x0000000008006d64                HAL_UART_AbortReceiveCpltCallback
 .text.HAL_UARTEx_RxEventCallback
                0x0000000008006d74       0x16 ./Drivers/STM32L0xx_HAL_Driver/Src/stm32l0xx_hal_uart.o
                0x0000000008006d74                HAL_UARTEx_RxEventCallback
 *fill*         0x0000000008006d8a        0x2 
 .text.UART_SetConfig
                0x0000000008006d8c      0x540 ./Drivers/STM32L0xx_HAL_Driver/Src/stm32l0xx_hal_uart.o
                0x0000000008006d8c                UART_SetConfig
 .text.UART_AdvFeatureConfig
                0x00000000080072cc      0x168 ./Drivers/STM32L0xx_HAL_Driver/Src/stm32l0xx_hal_uart.o
                0x00000000080072cc                UART_AdvFeatureConfig
 .text.UART_CheckIdleState
                0x0000000008007434       0x90 ./Drivers/STM32L0xx_HAL_Driver/Src/stm32l0xx_hal_uart.o
                0x0000000008007434                UART_CheckIdleState
 .text.UART_WaitOnFlagUntilTimeout
                0x00000000080074c4      0x188 ./Drivers/STM32L0xx_HAL_Driver/Src/stm32l0xx_hal_uart.o
                0x00000000080074c4                UART_WaitOnFlagUntilTimeout
 .text.UART_Start_Receive_IT
                0x000000000800764c      0x160 ./Drivers/STM32L0xx_HAL_Driver/Src/stm32l0xx_hal_uart.o
                0x000000000800764c                UART_Start_Receive_IT
 .text.UART_EndRxTransfer
                0x00000000080077ac       0xc4 ./Drivers/STM32L0xx_HAL_Driver/Src/stm32l0xx_hal_uart.o
 .text.UART_DMAAbortOnError
                0x0000000008007870       0x2e ./Drivers/STM32L0xx_HAL_Driver/Src/stm32l0xx_hal_uart.o
 .text.UART_DMATxOnlyAbortCallback
                0x000000000800789e       0x2c ./Drivers/STM32L0xx_HAL_Driver/Src/stm32l0xx_hal_uart.o
 .text.UART_DMARxOnlyAbortCallback
                0x00000000080078ca       0x4a ./Drivers/STM32L0xx_HAL_Driver/Src/stm32l0xx_hal_uart.o
 .text.UART_TxISR_8BIT
                0x0000000008007914       0xb2 ./Drivers/STM32L0xx_HAL_Driver/Src/stm32l0xx_hal_uart.o
 .text.UART_TxISR_16BIT
                0x00000000080079c6       0xbc ./Drivers/STM32L0xx_HAL_Driver/Src/stm32l0xx_hal_uart.o
 .text.UART_EndTransmit_IT
                0x0000000008007a82       0x56 ./Drivers/STM32L0xx_HAL_Driver/Src/stm32l0xx_hal_uart.o
 .text.UART_RxISR_8BIT
                0x0000000008007ad8      0x168 ./Drivers/STM32L0xx_HAL_Driver/Src/stm32l0xx_hal_uart.o
 .text.UART_RxISR_16BIT
                0x0000000008007c40      0x168 ./Drivers/STM32L0xx_HAL_Driver/Src/stm32l0xx_hal_uart.o
 .text.HAL_UARTEx_WakeupCallback
                0x0000000008007da8       0x10 ./Drivers/STM32L0xx_HAL_Driver/Src/stm32l0xx_hal_uart_ex.o
                0x0000000008007da8                HAL_UARTEx_WakeupCallback
 .text.eMBRegInputCB
                0x0000000008007db8       0xec ./FreeModbus/freemodbus/app/user_mb.o
                0x0000000008007db8                eMBRegInputCB
 .text.eMBRegHoldingCB
                0x0000000008007ea4      0x178 ./FreeModbus/freemodbus/app/user_mb.o
                0x0000000008007ea4                eMBRegHoldingCB
 .text.eMBRegCoilsCB
                0x000000000800801c      0x1f4 ./FreeModbus/freemodbus/app/user_mb.o
                0x000000000800801c                eMBRegCoilsCB
 .text.eMBRegDiscreteCB
                0x0000000008008210      0x14c ./FreeModbus/freemodbus/app/user_mb.o
                0x0000000008008210                eMBRegDiscreteCB
 .text.eMBFuncReadCoils
                0x000000000800835c      0x156 ./FreeModbus/freemodbus/modbus/functions/mbfunccoils.o
                0x000000000800835c                eMBFuncReadCoils
 .text.eMBFuncWriteCoil
                0x00000000080084b2       0xdc ./FreeModbus/freemodbus/modbus/functions/mbfunccoils.o
                0x00000000080084b2                eMBFuncWriteCoil
 .text.eMBFuncWriteMultipleCoils
                0x000000000800858e      0x128 ./FreeModbus/freemodbus/modbus/functions/mbfunccoils.o
                0x000000000800858e                eMBFuncWriteMultipleCoils
 .text.eMBFuncReadDiscreteInputs
                0x00000000080086b6      0x156 ./FreeModbus/freemodbus/modbus/functions/mbfuncdisc.o
                0x00000000080086b6                eMBFuncReadDiscreteInputs
 .text.eMBFuncWriteHoldingRegister
                0x000000000800880c       0x90 ./FreeModbus/freemodbus/modbus/functions/mbfuncholding.o
                0x000000000800880c                eMBFuncWriteHoldingRegister
 .text.eMBFuncWriteMultipleHoldingRegister
                0x000000000800889c       0xf6 ./FreeModbus/freemodbus/modbus/functions/mbfuncholding.o
                0x000000000800889c                eMBFuncWriteMultipleHoldingRegister
 .text.eMBFuncReadHoldingRegister
                0x0000000008008992      0x11e ./FreeModbus/freemodbus/modbus/functions/mbfuncholding.o
                0x0000000008008992                eMBFuncReadHoldingRegister
 .text.eMBFuncReadWriteMultipleHoldingRegister
                0x0000000008008ab0      0x1cc ./FreeModbus/freemodbus/modbus/functions/mbfuncholding.o
                0x0000000008008ab0                eMBFuncReadWriteMultipleHoldingRegister
 .text.eMBFuncReadInputRegister
                0x0000000008008c7c      0x128 ./FreeModbus/freemodbus/modbus/functions/mbfuncinput.o
                0x0000000008008c7c                eMBFuncReadInputRegister
 .text.eMBFuncReportSlaveID
                0x0000000008008da4       0x3c ./FreeModbus/freemodbus/modbus/functions/mbfuncother.o
                0x0000000008008da4                eMBFuncReportSlaveID
 .text.xMBUtilSetBits
                0x0000000008008de0      0x128 ./FreeModbus/freemodbus/modbus/functions/mbutils.o
                0x0000000008008de0                xMBUtilSetBits
 .text.xMBUtilGetBits
                0x0000000008008f08       0xa6 ./FreeModbus/freemodbus/modbus/functions/mbutils.o
                0x0000000008008f08                xMBUtilGetBits
 .text.prveMBError2Exception
                0x0000000008008fae       0x56 ./FreeModbus/freemodbus/modbus/functions/mbutils.o
                0x0000000008008fae                prveMBError2Exception
 .text.eMBInit  0x0000000008009004      0x130 ./FreeModbus/freemodbus/modbus/mb.o
                0x0000000008009004                eMBInit
 .text.eMBEnable
                0x0000000008009134       0x3c ./FreeModbus/freemodbus/modbus/mb.o
                0x0000000008009134                eMBEnable
 .text.eMBPoll  0x0000000008009170      0x194 ./FreeModbus/freemodbus/modbus/mb.o
                0x0000000008009170                eMBPoll
 .text.usMBCRC16
                0x0000000008009304       0x8c ./FreeModbus/freemodbus/modbus/rtu/mbcrc.o
                0x0000000008009304                usMBCRC16
 .text.eMBRTUInit
                0x0000000008009390       0x9c ./FreeModbus/freemodbus/modbus/rtu/mbrtu.o
                0x0000000008009390                eMBRTUInit
 .text.eMBRTUStart
                0x000000000800942c       0x28 ./FreeModbus/freemodbus/modbus/rtu/mbrtu.o
                0x000000000800942c                eMBRTUStart
 .text.eMBRTUStop
                0x0000000008009454       0x1e ./FreeModbus/freemodbus/modbus/rtu/mbrtu.o
                0x0000000008009454                eMBRTUStop
 *fill*         0x0000000008009472        0x2 
 .text.eMBRTUReceive
                0x0000000008009474       0xb0 ./FreeModbus/freemodbus/modbus/rtu/mbrtu.o
                0x0000000008009474                eMBRTUReceive
 .text.eMBRTUSend
                0x0000000008009524       0xe8 ./FreeModbus/freemodbus/modbus/rtu/mbrtu.o
                0x0000000008009524                eMBRTUSend
 .text.xMBRTUReceiveFSM
                0x000000000800960c       0xd4 ./FreeModbus/freemodbus/modbus/rtu/mbrtu.o
                0x000000000800960c                xMBRTUReceiveFSM
 .text.xMBRTUTransmitFSM
                0x00000000080096e0       0xb4 ./FreeModbus/freemodbus/modbus/rtu/mbrtu.o
                0x00000000080096e0                xMBRTUTransmitFSM
 .text.xMBRTUTimerT35Expired
                0x0000000008009794       0x94 ./FreeModbus/freemodbus/modbus/rtu/mbrtu.o
                0x0000000008009794                xMBRTUTimerT35Expired
 .text.__critical_enter
                0x0000000008009828       0x1c ./FreeModbus/freemodbus/port/portcritial.o
                0x0000000008009828                __critical_enter
 .text.__critical_exit
                0x0000000008009844       0x24 ./FreeModbus/freemodbus/port/portcritial.o
                0x0000000008009844                __critical_exit
 .text.xMBPortEventInit
                0x0000000008009868       0x18 ./FreeModbus/freemodbus/port/portevent.o
                0x0000000008009868                xMBPortEventInit
 .text.xMBPortEventPost
                0x0000000008009880       0x2c ./FreeModbus/freemodbus/port/portevent.o
                0x0000000008009880                xMBPortEventPost
 .text.xMBPortEventGet
                0x00000000080098ac       0x44 ./FreeModbus/freemodbus/port/portevent.o
                0x00000000080098ac                xMBPortEventGet
 .text.vMBPortSerialEnable
                0x00000000080098f0       0x64 ./FreeModbus/freemodbus/port/portserial.o
                0x00000000080098f0                vMBPortSerialEnable
 .text.xMBPortSerialInit
                0x0000000008009954       0xc8 ./FreeModbus/freemodbus/port/portserial.o
                0x0000000008009954                xMBPortSerialInit
 .text.xMBPortSerialPutByte
                0x0000000008009a1c       0x20 ./FreeModbus/freemodbus/port/portserial.o
                0x0000000008009a1c                xMBPortSerialPutByte
 .text.xMBPortSerialGetByte
                0x0000000008009a3c       0x20 ./FreeModbus/freemodbus/port/portserial.o
                0x0000000008009a3c                xMBPortSerialGetByte
 .text.prvvUARTRxISR
                0x0000000008009a5c       0x2c ./FreeModbus/freemodbus/port/portserial.o
                0x0000000008009a5c                prvvUARTRxISR
 .text.Modbus_Send
                0x0000000008009a88       0x28 ./FreeModbus/freemodbus/port/portserial.o
 .text.xMBPortTimersInit
                0x0000000008009ab0       0x30 ./FreeModbus/freemodbus/port/porttimer.o
                0x0000000008009ab0                xMBPortTimersInit
 .text.vMBPortTimersEnable
                0x0000000008009ae0       0x24 ./FreeModbus/freemodbus/port/porttimer.o
                0x0000000008009ae0                vMBPortTimersEnable
 .text.vMBPortTimersDisable
                0x0000000008009b04       0x18 ./FreeModbus/freemodbus/port/porttimer.o
                0x0000000008009b04                vMBPortTimersDisable
 .text.prvvTIMERExpiredISR
                0x0000000008009b1c       0x34 ./FreeModbus/freemodbus/port/porttimer.o
                0x0000000008009b1c                prvvTIMERExpiredISR
 .text.i2c_init
                0x0000000008009b50        0xa ./temp_and_humi_sensor/bsp/i2c_bsp.o
                0x0000000008009b50                i2c_init
 *fill*         0x0000000008009b5a        0x2 
 .text.i2c_read
                0x0000000008009b5c       0x3c ./temp_and_humi_sensor/bsp/i2c_bsp.o
                0x0000000008009b5c                i2c_read
 .text.i2c_write
                0x0000000008009b98       0x3c ./temp_and_humi_sensor/bsp/i2c_bsp.o
                0x0000000008009b98                i2c_write
 .text.SHT_begin
                0x0000000008009bd4       0x44 ./temp_and_humi_sensor/service/sht3x/sht3x.o
                0x0000000008009bd4                SHT_begin
 .text.SHT_read_temp
                0x0000000008009c18       0x14 ./temp_and_humi_sensor/service/sht3x/sht3x.o
                0x0000000008009c18                SHT_read_temp
 .text.SHT_read_humi
                0x0000000008009c2c       0x14 ./temp_and_humi_sensor/service/sht3x/sht3x.o
                0x0000000008009c2c                SHT_read_humi
 .text.SHT_reset
                0x0000000008009c40       0x20 ./temp_and_humi_sensor/service/sht3x/sht3x.o
                0x0000000008009c40                SHT_reset
 .text.SHT_mesure
                0x0000000008009c60       0x1a ./temp_and_humi_sensor/service/sht3x/sht3x.o
                0x0000000008009c60                SHT_mesure
 *fill*         0x0000000008009c7a        0x2 
 .text.read_temp_humi_imlp
                0x0000000008009c7c       0xdc ./temp_and_humi_sensor/service/sht3x/sht3x.o
 .text.write_command
                0x0000000008009d58       0x3a ./temp_and_humi_sensor/service/sht3x/sht3x.o
 .text.read_bytes_imlp
                0x0000000008009d92       0x28 ./temp_and_humi_sensor/service/sht3x/sht3x.o
 .text.crc8     0x0000000008009dba       0x94 ./temp_and_humi_sensor/service/sht3x/sht3x.o
 *fill*         0x0000000008009e4e        0x2 
 .text.__assert_func
                0x0000000008009e50       0x3c c:/st/stm32cubeide_1.9.0/stm32cubeide/plugins/com.st.stm32cube.ide.mcu.externaltools.gnu-tools-for-stm32.10.3-2021.10.win32_1.0.0.202111181127/tools/bin/../lib/gcc/arm-none-eabi/10.3.1/../../../../arm-none-eabi/lib/thumb/v6-m/nofp\libc_nano.a(lib_a-assert.o)
                0x0000000008009e50                __assert_func
 .text.__errno  0x0000000008009e8c        0xc c:/st/stm32cubeide_1.9.0/stm32cubeide/plugins/com.st.stm32cube.ide.mcu.externaltools.gnu-tools-for-stm32.10.3-2021.10.win32_1.0.0.202111181127/tools/bin/../lib/gcc/arm-none-eabi/10.3.1/../../../../arm-none-eabi/lib/thumb/v6-m/nofp\libc_nano.a(lib_a-errno.o)
                0x0000000008009e8c                __errno
 .text.fprintf  0x0000000008009e98       0x20 c:/st/stm32cubeide_1.9.0/stm32cubeide/plugins/com.st.stm32cube.ide.mcu.externaltools.gnu-tools-for-stm32.10.3-2021.10.win32_1.0.0.202111181127/tools/bin/../lib/gcc/arm-none-eabi/10.3.1/../../../../arm-none-eabi/lib/thumb/v6-m/nofp\libc_nano.a(lib_a-fprintf.o)
                0x0000000008009e98                fiprintf
                0x0000000008009e98                fprintf
 .text.__libc_init_array
                0x0000000008009eb8       0x48 c:/st/stm32cubeide_1.9.0/stm32cubeide/plugins/com.st.stm32cube.ide.mcu.externaltools.gnu-tools-for-stm32.10.3-2021.10.win32_1.0.0.202111181127/tools/bin/../lib/gcc/arm-none-eabi/10.3.1/../../../../arm-none-eabi/lib/thumb/v6-m/nofp\libc_nano.a(lib_a-init.o)
                0x0000000008009eb8                __libc_init_array
 .text.memcpy   0x0000000008009f00       0x12 c:/st/stm32cubeide_1.9.0/stm32cubeide/plugins/com.st.stm32cube.ide.mcu.externaltools.gnu-tools-for-stm32.10.3-2021.10.win32_1.0.0.202111181127/tools/bin/../lib/gcc/arm-none-eabi/10.3.1/../../../../arm-none-eabi/lib/thumb/v6-m/nofp\libc_nano.a(lib_a-memcpy-stub.o)
                0x0000000008009f00                memcpy
 .text.memset   0x0000000008009f12       0x10 c:/st/stm32cubeide_1.9.0/stm32cubeide/plugins/com.st.stm32cube.ide.mcu.externaltools.gnu-tools-for-stm32.10.3-2021.10.win32_1.0.0.202111181127/tools/bin/../lib/gcc/arm-none-eabi/10.3.1/../../../../arm-none-eabi/lib/thumb/v6-m/nofp\libc_nano.a(lib_a-memset.o)
                0x0000000008009f12                memset
 .text.__sfputc_r
                0x0000000008009f22       0x2a c:/st/stm32cubeide_1.9.0/stm32cubeide/plugins/com.st.stm32cube.ide.mcu.externaltools.gnu-tools-for-stm32.10.3-2021.10.win32_1.0.0.202111181127/tools/bin/../lib/gcc/arm-none-eabi/10.3.1/../../../../arm-none-eabi/lib/thumb/v6-m/nofp\libc_nano.a(lib_a-nano-vfprintf.o)
 .text.__sfputs_r
                0x0000000008009f4c       0x24 c:/st/stm32cubeide_1.9.0/stm32cubeide/plugins/com.st.stm32cube.ide.mcu.externaltools.gnu-tools-for-stm32.10.3-2021.10.win32_1.0.0.202111181127/tools/bin/../lib/gcc/arm-none-eabi/10.3.1/../../../../arm-none-eabi/lib/thumb/v6-m/nofp\libc_nano.a(lib_a-nano-vfprintf.o)
                0x0000000008009f4c                __sfputs_r
 .text._vfprintf_r
                0x0000000008009f70      0x274 c:/st/stm32cubeide_1.9.0/stm32cubeide/plugins/com.st.stm32cube.ide.mcu.externaltools.gnu-tools-for-stm32.10.3-2021.10.win32_1.0.0.202111181127/tools/bin/../lib/gcc/arm-none-eabi/10.3.1/../../../../arm-none-eabi/lib/thumb/v6-m/nofp\libc_nano.a(lib_a-nano-vfprintf.o)
                0x0000000008009f70                _vfprintf_r
                0x0000000008009f70                _vfiprintf_r
 .text.__cvt    0x000000000800a1e4       0xc6 c:/st/stm32cubeide_1.9.0/stm32cubeide/plugins/com.st.stm32cube.ide.mcu.externaltools.gnu-tools-for-stm32.10.3-2021.10.win32_1.0.0.202111181127/tools/bin/../lib/gcc/arm-none-eabi/10.3.1/../../../../arm-none-eabi/lib/thumb/v6-m/nofp\libc_nano.a(lib_a-nano-vfprintf_float.o)
                0x000000000800a1e4                __cvt
 .text.__exponent
                0x000000000800a2aa       0x8e c:/st/stm32cubeide_1.9.0/stm32cubeide/plugins/com.st.stm32cube.ide.mcu.externaltools.gnu-tools-for-stm32.10.3-2021.10.win32_1.0.0.202111181127/tools/bin/../lib/gcc/arm-none-eabi/10.3.1/../../../../arm-none-eabi/lib/thumb/v6-m/nofp\libc_nano.a(lib_a-nano-vfprintf_float.o)
                0x000000000800a2aa                __exponent
 .text._printf_float
                0x000000000800a338      0x484 c:/st/stm32cubeide_1.9.0/stm32cubeide/plugins/com.st.stm32cube.ide.mcu.externaltools.gnu-tools-for-stm32.10.3-2021.10.win32_1.0.0.202111181127/tools/bin/../lib/gcc/arm-none-eabi/10.3.1/../../../../arm-none-eabi/lib/thumb/v6-m/nofp\libc_nano.a(lib_a-nano-vfprintf_float.o)
                0x000000000800a338                _printf_float
 .text._printf_common
                0x000000000800a7bc       0xde c:/st/stm32cubeide_1.9.0/stm32cubeide/plugins/com.st.stm32cube.ide.mcu.externaltools.gnu-tools-for-stm32.10.3-2021.10.win32_1.0.0.202111181127/tools/bin/../lib/gcc/arm-none-eabi/10.3.1/../../../../arm-none-eabi/lib/thumb/v6-m/nofp\libc_nano.a(lib_a-nano-vfprintf_i.o)
                0x000000000800a7bc                _printf_common
 *fill*         0x000000000800a89a        0x2 
 .text._printf_i
                0x000000000800a89c      0x224 c:/st/stm32cubeide_1.9.0/stm32cubeide/plugins/com.st.stm32cube.ide.mcu.externaltools.gnu-tools-for-stm32.10.3-2021.10.win32_1.0.0.202111181127/tools/bin/../lib/gcc/arm-none-eabi/10.3.1/../../../../arm-none-eabi/lib/thumb/v6-m/nofp\libc_nano.a(lib_a-nano-vfprintf_i.o)
                0x000000000800a89c                _printf_i
 .text.__swbuf_r
                0x000000000800aac0       0xac c:/st/stm32cubeide_1.9.0/stm32cubeide/plugins/com.st.stm32cube.ide.mcu.externaltools.gnu-tools-for-stm32.10.3-2021.10.win32_1.0.0.202111181127/tools/bin/../lib/gcc/arm-none-eabi/10.3.1/../../../../arm-none-eabi/lib/thumb/v6-m/nofp\libc_nano.a(lib_a-wbuf.o)
                0x000000000800aac0                __swbuf_r
 .text.__swsetup_r
                0x000000000800ab6c       0xf0 c:/st/stm32cubeide_1.9.0/stm32cubeide/plugins/com.st.stm32cube.ide.mcu.externaltools.gnu-tools-for-stm32.10.3-2021.10.win32_1.0.0.202111181127/tools/bin/../lib/gcc/arm-none-eabi/10.3.1/../../../../arm-none-eabi/lib/thumb/v6-m/nofp\libc_nano.a(lib_a-wsetup.o)
                0x000000000800ab6c                __swsetup_r
 .text.abort    0x000000000800ac5c        0xe c:/st/stm32cubeide_1.9.0/stm32cubeide/plugins/com.st.stm32cube.ide.mcu.externaltools.gnu-tools-for-stm32.10.3-2021.10.win32_1.0.0.202111181127/tools/bin/../lib/gcc/arm-none-eabi/10.3.1/../../../../arm-none-eabi/lib/thumb/v6-m/nofp\libc_nano.a(lib_a-abort.o)
                0x000000000800ac5c                abort
 .text.quorem   0x000000000800ac6a      0x116 c:/st/stm32cubeide_1.9.0/stm32cubeide/plugins/com.st.stm32cube.ide.mcu.externaltools.gnu-tools-for-stm32.10.3-2021.10.win32_1.0.0.202111181127/tools/bin/../lib/gcc/arm-none-eabi/10.3.1/../../../../arm-none-eabi/lib/thumb/v6-m/nofp\libc_nano.a(lib_a-dtoa.o)
 .text._dtoa_r  0x000000000800ad80      0xc34 c:/st/stm32cubeide_1.9.0/stm32cubeide/plugins/com.st.stm32cube.ide.mcu.externaltools.gnu-tools-for-stm32.10.3-2021.10.win32_1.0.0.202111181127/tools/bin/../lib/gcc/arm-none-eabi/10.3.1/../../../../arm-none-eabi/lib/thumb/v6-m/nofp\libc_nano.a(lib_a-dtoa.o)
                0x000000000800ad80                _dtoa_r
 .text.__sflush_r
                0x000000000800b9b4      0x118 c:/st/stm32cubeide_1.9.0/stm32cubeide/plugins/com.st.stm32cube.ide.mcu.externaltools.gnu-tools-for-stm32.10.3-2021.10.win32_1.0.0.202111181127/tools/bin/../lib/gcc/arm-none-eabi/10.3.1/../../../../arm-none-eabi/lib/thumb/v6-m/nofp\libc_nano.a(lib_a-fflush.o)
                0x000000000800b9b4                __sflush_r
 .text._fflush_r
                0x000000000800bacc       0x80 c:/st/stm32cubeide_1.9.0/stm32cubeide/plugins/com.st.stm32cube.ide.mcu.externaltools.gnu-tools-for-stm32.10.3-2021.10.win32_1.0.0.202111181127/tools/bin/../lib/gcc/arm-none-eabi/10.3.1/../../../../arm-none-eabi/lib/thumb/v6-m/nofp\libc_nano.a(lib_a-fflush.o)
                0x000000000800bacc                _fflush_r
 .text.std      0x000000000800bb4c       0x48 c:/st/stm32cubeide_1.9.0/stm32cubeide/plugins/com.st.stm32cube.ide.mcu.externaltools.gnu-tools-for-stm32.10.3-2021.10.win32_1.0.0.202111181127/tools/bin/../lib/gcc/arm-none-eabi/10.3.1/../../../../arm-none-eabi/lib/thumb/v6-m/nofp\libc_nano.a(lib_a-findfp.o)
 .text._cleanup_r
                0x000000000800bb94       0x10 c:/st/stm32cubeide_1.9.0/stm32cubeide/plugins/com.st.stm32cube.ide.mcu.externaltools.gnu-tools-for-stm32.10.3-2021.10.win32_1.0.0.202111181127/tools/bin/../lib/gcc/arm-none-eabi/10.3.1/../../../../arm-none-eabi/lib/thumb/v6-m/nofp\libc_nano.a(lib_a-findfp.o)
                0x000000000800bb94                _cleanup_r
 .text.__sfmoreglue
                0x000000000800bba4       0x2c c:/st/stm32cubeide_1.9.0/stm32cubeide/plugins/com.st.stm32cube.ide.mcu.externaltools.gnu-tools-for-stm32.10.3-2021.10.win32_1.0.0.202111181127/tools/bin/../lib/gcc/arm-none-eabi/10.3.1/../../../../arm-none-eabi/lib/thumb/v6-m/nofp\libc_nano.a(lib_a-findfp.o)
                0x000000000800bba4                __sfmoreglue
 .text.__sfp_lock_acquire
                0x000000000800bbd0       0x10 c:/st/stm32cubeide_1.9.0/stm32cubeide/plugins/com.st.stm32cube.ide.mcu.externaltools.gnu-tools-for-stm32.10.3-2021.10.win32_1.0.0.202111181127/tools/bin/../lib/gcc/arm-none-eabi/10.3.1/../../../../arm-none-eabi/lib/thumb/v6-m/nofp\libc_nano.a(lib_a-findfp.o)
                0x000000000800bbd0                __sfp_lock_acquire
 .text.__sfp_lock_release
                0x000000000800bbe0       0x10 c:/st/stm32cubeide_1.9.0/stm32cubeide/plugins/com.st.stm32cube.ide.mcu.externaltools.gnu-tools-for-stm32.10.3-2021.10.win32_1.0.0.202111181127/tools/bin/../lib/gcc/arm-none-eabi/10.3.1/../../../../arm-none-eabi/lib/thumb/v6-m/nofp\libc_nano.a(lib_a-findfp.o)
                0x000000000800bbe0                __sfp_lock_release
 .text.__sinit_lock_acquire
                0x000000000800bbf0       0x10 c:/st/stm32cubeide_1.9.0/stm32cubeide/plugins/com.st.stm32cube.ide.mcu.externaltools.gnu-tools-for-stm32.10.3-2021.10.win32_1.0.0.202111181127/tools/bin/../lib/gcc/arm-none-eabi/10.3.1/../../../../arm-none-eabi/lib/thumb/v6-m/nofp\libc_nano.a(lib_a-findfp.o)
                0x000000000800bbf0                __sinit_lock_acquire
 .text.__sinit_lock_release
                0x000000000800bc00       0x10 c:/st/stm32cubeide_1.9.0/stm32cubeide/plugins/com.st.stm32cube.ide.mcu.externaltools.gnu-tools-for-stm32.10.3-2021.10.win32_1.0.0.202111181127/tools/bin/../lib/gcc/arm-none-eabi/10.3.1/../../../../arm-none-eabi/lib/thumb/v6-m/nofp\libc_nano.a(lib_a-findfp.o)
                0x000000000800bc00                __sinit_lock_release
 .text.__sinit  0x000000000800bc10       0x70 c:/st/stm32cubeide_1.9.0/stm32cubeide/plugins/com.st.stm32cube.ide.mcu.externaltools.gnu-tools-for-stm32.10.3-2021.10.win32_1.0.0.202111181127/tools/bin/../lib/gcc/arm-none-eabi/10.3.1/../../../../arm-none-eabi/lib/thumb/v6-m/nofp\libc_nano.a(lib_a-findfp.o)
                0x000000000800bc10                __sinit
 .text.__sfp    0x000000000800bc80       0x90 c:/st/stm32cubeide_1.9.0/stm32cubeide/plugins/com.st.stm32cube.ide.mcu.externaltools.gnu-tools-for-stm32.10.3-2021.10.win32_1.0.0.202111181127/tools/bin/../lib/gcc/arm-none-eabi/10.3.1/../../../../arm-none-eabi/lib/thumb/v6-m/nofp\libc_nano.a(lib_a-findfp.o)
                0x000000000800bc80                __sfp
 .text._fwalk_reent
                0x000000000800bd10       0x40 c:/st/stm32cubeide_1.9.0/stm32cubeide/plugins/com.st.stm32cube.ide.mcu.externaltools.gnu-tools-for-stm32.10.3-2021.10.win32_1.0.0.202111181127/tools/bin/../lib/gcc/arm-none-eabi/10.3.1/../../../../arm-none-eabi/lib/thumb/v6-m/nofp\libc_nano.a(lib_a-fwalk.o)
                0x000000000800bd10                _fwalk_reent
 .text._localeconv_r
                0x000000000800bd50        0x8 c:/st/stm32cubeide_1.9.0/stm32cubeide/plugins/com.st.stm32cube.ide.mcu.externaltools.gnu-tools-for-stm32.10.3-2021.10.win32_1.0.0.202111181127/tools/bin/../lib/gcc/arm-none-eabi/10.3.1/../../../../arm-none-eabi/lib/thumb/v6-m/nofp\libc_nano.a(lib_a-localeconv.o)
                0x000000000800bd50                _localeconv_r
 .text.__retarget_lock_init_recursive
                0x000000000800bd58        0x2 c:/st/stm32cubeide_1.9.0/stm32cubeide/plugins/com.st.stm32cube.ide.mcu.externaltools.gnu-tools-for-stm32.10.3-2021.10.win32_1.0.0.202111181127/tools/bin/../lib/gcc/arm-none-eabi/10.3.1/../../../../arm-none-eabi/lib/thumb/v6-m/nofp\libc_nano.a(lib_a-lock.o)
                0x000000000800bd58                __retarget_lock_init_recursive
 .text.__retarget_lock_acquire_recursive
                0x000000000800bd5a        0x2 c:/st/stm32cubeide_1.9.0/stm32cubeide/plugins/com.st.stm32cube.ide.mcu.externaltools.gnu-tools-for-stm32.10.3-2021.10.win32_1.0.0.202111181127/tools/bin/../lib/gcc/arm-none-eabi/10.3.1/../../../../arm-none-eabi/lib/thumb/v6-m/nofp\libc_nano.a(lib_a-lock.o)
                0x000000000800bd5a                __retarget_lock_acquire_recursive
 .text.__retarget_lock_release_recursive
                0x000000000800bd5c        0x2 c:/st/stm32cubeide_1.9.0/stm32cubeide/plugins/com.st.stm32cube.ide.mcu.externaltools.gnu-tools-for-stm32.10.3-2021.10.win32_1.0.0.202111181127/tools/bin/../lib/gcc/arm-none-eabi/10.3.1/../../../../arm-none-eabi/lib/thumb/v6-m/nofp\libc_nano.a(lib_a-lock.o)
                0x000000000800bd5c                __retarget_lock_release_recursive
 *fill*         0x000000000800bd5e        0x2 
 .text.__swhatbuf_r
                0x000000000800bd60       0x50 c:/st/stm32cubeide_1.9.0/stm32cubeide/plugins/com.st.stm32cube.ide.mcu.externaltools.gnu-tools-for-stm32.10.3-2021.10.win32_1.0.0.202111181127/tools/bin/../lib/gcc/arm-none-eabi/10.3.1/../../../../arm-none-eabi/lib/thumb/v6-m/nofp\libc_nano.a(lib_a-makebuf.o)
                0x000000000800bd60                __swhatbuf_r
 .text.__smakebuf_r
                0x000000000800bdb0       0x88 c:/st/stm32cubeide_1.9.0/stm32cubeide/plugins/com.st.stm32cube.ide.mcu.externaltools.gnu-tools-for-stm32.10.3-2021.10.win32_1.0.0.202111181127/tools/bin/../lib/gcc/arm-none-eabi/10.3.1/../../../../arm-none-eabi/lib/thumb/v6-m/nofp\libc_nano.a(lib_a-makebuf.o)
                0x000000000800bdb0                __smakebuf_r
 .text.malloc   0x000000000800be38       0x14 c:/st/stm32cubeide_1.9.0/stm32cubeide/plugins/com.st.stm32cube.ide.mcu.externaltools.gnu-tools-for-stm32.10.3-2021.10.win32_1.0.0.202111181127/tools/bin/../lib/gcc/arm-none-eabi/10.3.1/../../../../arm-none-eabi/lib/thumb/v6-m/nofp\libc_nano.a(lib_a-malloc.o)
                0x000000000800be38                malloc
 .text.memchr   0x000000000800be4c       0x16 c:/st/stm32cubeide_1.9.0/stm32cubeide/plugins/com.st.stm32cube.ide.mcu.externaltools.gnu-tools-for-stm32.10.3-2021.10.win32_1.0.0.202111181127/tools/bin/../lib/gcc/arm-none-eabi/10.3.1/../../../../arm-none-eabi/lib/thumb/v6-m/nofp\libc_nano.a(lib_a-memchr-stub.o)
                0x000000000800be4c                memchr
 *fill*         0x000000000800be62        0x2 
 .text._Balloc  0x000000000800be64       0x88 c:/st/stm32cubeide_1.9.0/stm32cubeide/plugins/com.st.stm32cube.ide.mcu.externaltools.gnu-tools-for-stm32.10.3-2021.10.win32_1.0.0.202111181127/tools/bin/../lib/gcc/arm-none-eabi/10.3.1/../../../../arm-none-eabi/lib/thumb/v6-m/nofp\libc_nano.a(lib_a-mprec.o)
                0x000000000800be64                _Balloc
 .text._Bfree   0x000000000800beec       0x48 c:/st/stm32cubeide_1.9.0/stm32cubeide/plugins/com.st.stm32cube.ide.mcu.externaltools.gnu-tools-for-stm32.10.3-2021.10.win32_1.0.0.202111181127/tools/bin/../lib/gcc/arm-none-eabi/10.3.1/../../../../arm-none-eabi/lib/thumb/v6-m/nofp\libc_nano.a(lib_a-mprec.o)
                0x000000000800beec                _Bfree
 .text.__multadd
                0x000000000800bf34       0x88 c:/st/stm32cubeide_1.9.0/stm32cubeide/plugins/com.st.stm32cube.ide.mcu.externaltools.gnu-tools-for-stm32.10.3-2021.10.win32_1.0.0.202111181127/tools/bin/../lib/gcc/arm-none-eabi/10.3.1/../../../../arm-none-eabi/lib/thumb/v6-m/nofp\libc_nano.a(lib_a-mprec.o)
                0x000000000800bf34                __multadd
 .text.__hi0bits
                0x000000000800bfbc       0x34 c:/st/stm32cubeide_1.9.0/stm32cubeide/plugins/com.st.stm32cube.ide.mcu.externaltools.gnu-tools-for-stm32.10.3-2021.10.win32_1.0.0.202111181127/tools/bin/../lib/gcc/arm-none-eabi/10.3.1/../../../../arm-none-eabi/lib/thumb/v6-m/nofp\libc_nano.a(lib_a-mprec.o)
                0x000000000800bfbc                __hi0bits
 .text.__lo0bits
                0x000000000800bff0       0x5c c:/st/stm32cubeide_1.9.0/stm32cubeide/plugins/com.st.stm32cube.ide.mcu.externaltools.gnu-tools-for-stm32.10.3-2021.10.win32_1.0.0.202111181127/tools/bin/../lib/gcc/arm-none-eabi/10.3.1/../../../../arm-none-eabi/lib/thumb/v6-m/nofp\libc_nano.a(lib_a-mprec.o)
                0x000000000800bff0                __lo0bits
 .text.__i2b    0x000000000800c04c       0x2c c:/st/stm32cubeide_1.9.0/stm32cubeide/plugins/com.st.stm32cube.ide.mcu.externaltools.gnu-tools-for-stm32.10.3-2021.10.win32_1.0.0.202111181127/tools/bin/../lib/gcc/arm-none-eabi/10.3.1/../../../../arm-none-eabi/lib/thumb/v6-m/nofp\libc_nano.a(lib_a-mprec.o)
                0x000000000800c04c                __i2b
 .text.__multiply
                0x000000000800c078      0x160 c:/st/stm32cubeide_1.9.0/stm32cubeide/plugins/com.st.stm32cube.ide.mcu.externaltools.gnu-tools-for-stm32.10.3-2021.10.win32_1.0.0.202111181127/tools/bin/../lib/gcc/arm-none-eabi/10.3.1/../../../../arm-none-eabi/lib/thumb/v6-m/nofp\libc_nano.a(lib_a-mprec.o)
                0x000000000800c078                __multiply
 .text.__pow5mult
                0x000000000800c1d8       0xb8 c:/st/stm32cubeide_1.9.0/stm32cubeide/plugins/com.st.stm32cube.ide.mcu.externaltools.gnu-tools-for-stm32.10.3-2021.10.win32_1.0.0.202111181127/tools/bin/../lib/gcc/arm-none-eabi/10.3.1/../../../../arm-none-eabi/lib/thumb/v6-m/nofp\libc_nano.a(lib_a-mprec.o)
                0x000000000800c1d8                __pow5mult
 .text.__lshift
                0x000000000800c290       0xdc c:/st/stm32cubeide_1.9.0/stm32cubeide/plugins/com.st.stm32cube.ide.mcu.externaltools.gnu-tools-for-stm32.10.3-2021.10.win32_1.0.0.202111181127/tools/bin/../lib/gcc/arm-none-eabi/10.3.1/../../../../arm-none-eabi/lib/thumb/v6-m/nofp\libc_nano.a(lib_a-mprec.o)
                0x000000000800c290                __lshift
 .text.__mcmp   0x000000000800c36c       0x36 c:/st/stm32cubeide_1.9.0/stm32cubeide/plugins/com.st.stm32cube.ide.mcu.externaltools.gnu-tools-for-stm32.10.3-2021.10.win32_1.0.0.202111181127/tools/bin/../lib/gcc/arm-none-eabi/10.3.1/../../../../arm-none-eabi/lib/thumb/v6-m/nofp\libc_nano.a(lib_a-mprec.o)
                0x000000000800c36c                __mcmp
 *fill*         0x000000000800c3a2        0x2 
 .text.__mdiff  0x000000000800c3a4      0x130 c:/st/stm32cubeide_1.9.0/stm32cubeide/plugins/com.st.stm32cube.ide.mcu.externaltools.gnu-tools-for-stm32.10.3-2021.10.win32_1.0.0.202111181127/tools/bin/../lib/gcc/arm-none-eabi/10.3.1/../../../../arm-none-eabi/lib/thumb/v6-m/nofp\libc_nano.a(lib_a-mprec.o)
                0x000000000800c3a4                __mdiff
 .text.__d2b    0x000000000800c4d4       0xc8 c:/st/stm32cubeide_1.9.0/stm32cubeide/plugins/com.st.stm32cube.ide.mcu.externaltools.gnu-tools-for-stm32.10.3-2021.10.win32_1.0.0.202111181127/tools/bin/../lib/gcc/arm-none-eabi/10.3.1/../../../../arm-none-eabi/lib/thumb/v6-m/nofp\libc_nano.a(lib_a-mprec.o)
                0x000000000800c4d4                __d2b
 .text._calloc_r
                0x000000000800c59c       0x58 c:/st/stm32cubeide_1.9.0/stm32cubeide/plugins/com.st.stm32cube.ide.mcu.externaltools.gnu-tools-for-stm32.10.3-2021.10.win32_1.0.0.202111181127/tools/bin/../lib/gcc/arm-none-eabi/10.3.1/../../../../arm-none-eabi/lib/thumb/v6-m/nofp\libc_nano.a(lib_a-nano-callocr.o)
                0x000000000800c59c                _calloc_r
 .text._free_r  0x000000000800c5f4       0x94 c:/st/stm32cubeide_1.9.0/stm32cubeide/plugins/com.st.stm32cube.ide.mcu.externaltools.gnu-tools-for-stm32.10.3-2021.10.win32_1.0.0.202111181127/tools/bin/../lib/gcc/arm-none-eabi/10.3.1/../../../../arm-none-eabi/lib/thumb/v6-m/nofp\libc_nano.a(lib_a-nano-freer.o)
                0x000000000800c5f4                _free_r
 .text.sbrk_aligned
                0x000000000800c688       0x44 c:/st/stm32cubeide_1.9.0/stm32cubeide/plugins/com.st.stm32cube.ide.mcu.externaltools.gnu-tools-for-stm32.10.3-2021.10.win32_1.0.0.202111181127/tools/bin/../lib/gcc/arm-none-eabi/10.3.1/../../../../arm-none-eabi/lib/thumb/v6-m/nofp\libc_nano.a(lib_a-nano-mallocr.o)
 .text._malloc_r
                0x000000000800c6cc       0xec c:/st/stm32cubeide_1.9.0/stm32cubeide/plugins/com.st.stm32cube.ide.mcu.externaltools.gnu-tools-for-stm32.10.3-2021.10.win32_1.0.0.202111181127/tools/bin/../lib/gcc/arm-none-eabi/10.3.1/../../../../arm-none-eabi/lib/thumb/v6-m/nofp\libc_nano.a(lib_a-nano-mallocr.o)
                0x000000000800c6cc                _malloc_r
 .text._sbrk_r  0x000000000800c7b8       0x24 c:/st/stm32cubeide_1.9.0/stm32cubeide/plugins/com.st.stm32cube.ide.mcu.externaltools.gnu-tools-for-stm32.10.3-2021.10.win32_1.0.0.202111181127/tools/bin/../lib/gcc/arm-none-eabi/10.3.1/../../../../arm-none-eabi/lib/thumb/v6-m/nofp\libc_nano.a(lib_a-sbrkr.o)
                0x000000000800c7b8                _sbrk_r
 .text._raise_r
                0x000000000800c7dc       0x54 c:/st/stm32cubeide_1.9.0/stm32cubeide/plugins/com.st.stm32cube.ide.mcu.externaltools.gnu-tools-for-stm32.10.3-2021.10.win32_1.0.0.202111181127/tools/bin/../lib/gcc/arm-none-eabi/10.3.1/../../../../arm-none-eabi/lib/thumb/v6-m/nofp\libc_nano.a(lib_a-signal.o)
                0x000000000800c7dc                _raise_r
 .text.raise    0x000000000800c830       0x14 c:/st/stm32cubeide_1.9.0/stm32cubeide/plugins/com.st.stm32cube.ide.mcu.externaltools.gnu-tools-for-stm32.10.3-2021.10.win32_1.0.0.202111181127/tools/bin/../lib/gcc/arm-none-eabi/10.3.1/../../../../arm-none-eabi/lib/thumb/v6-m/nofp\libc_nano.a(lib_a-signal.o)
                0x000000000800c830                raise
 .text._kill_r  0x000000000800c844       0x24 c:/st/stm32cubeide_1.9.0/stm32cubeide/plugins/com.st.stm32cube.ide.mcu.externaltools.gnu-tools-for-stm32.10.3-2021.10.win32_1.0.0.202111181127/tools/bin/../lib/gcc/arm-none-eabi/10.3.1/../../../../arm-none-eabi/lib/thumb/v6-m/nofp\libc_nano.a(lib_a-signalr.o)
                0x000000000800c844                _kill_r
 .text._getpid_r
                0x000000000800c868        0x8 c:/st/stm32cubeide_1.9.0/stm32cubeide/plugins/com.st.stm32cube.ide.mcu.externaltools.gnu-tools-for-stm32.10.3-2021.10.win32_1.0.0.202111181127/tools/bin/../lib/gcc/arm-none-eabi/10.3.1/../../../../arm-none-eabi/lib/thumb/v6-m/nofp\libc_nano.a(lib_a-signalr.o)
                0x000000000800c868                _getpid_r
 .text.__sread  0x000000000800c870       0x28 c:/st/stm32cubeide_1.9.0/stm32cubeide/plugins/com.st.stm32cube.ide.mcu.externaltools.gnu-tools-for-stm32.10.3-2021.10.win32_1.0.0.202111181127/tools/bin/../lib/gcc/arm-none-eabi/10.3.1/../../../../arm-none-eabi/lib/thumb/v6-m/nofp\libc_nano.a(lib_a-stdio.o)
                0x000000000800c870                __sread
 .text.__swrite
                0x000000000800c898       0x38 c:/st/stm32cubeide_1.9.0/stm32cubeide/plugins/com.st.stm32cube.ide.mcu.externaltools.gnu-tools-for-stm32.10.3-2021.10.win32_1.0.0.202111181127/tools/bin/../lib/gcc/arm-none-eabi/10.3.1/../../../../arm-none-eabi/lib/thumb/v6-m/nofp\libc_nano.a(lib_a-stdio.o)
                0x000000000800c898                __swrite
 .text.__sseek  0x000000000800c8d0       0x2c c:/st/stm32cubeide_1.9.0/stm32cubeide/plugins/com.st.stm32cube.ide.mcu.externaltools.gnu-tools-for-stm32.10.3-2021.10.win32_1.0.0.202111181127/tools/bin/../lib/gcc/arm-none-eabi/10.3.1/../../../../arm-none-eabi/lib/thumb/v6-m/nofp\libc_nano.a(lib_a-stdio.o)
                0x000000000800c8d0                __sseek
 .text.__sclose
                0x000000000800c8fc        0xc c:/st/stm32cubeide_1.9.0/stm32cubeide/plugins/com.st.stm32cube.ide.mcu.externaltools.gnu-tools-for-stm32.10.3-2021.10.win32_1.0.0.202111181127/tools/bin/../lib/gcc/arm-none-eabi/10.3.1/../../../../arm-none-eabi/lib/thumb/v6-m/nofp\libc_nano.a(lib_a-stdio.o)
                0x000000000800c8fc                __sclose
 .text._write_r
                0x000000000800c908       0x28 c:/st/stm32cubeide_1.9.0/stm32cubeide/plugins/com.st.stm32cube.ide.mcu.externaltools.gnu-tools-for-stm32.10.3-2021.10.win32_1.0.0.202111181127/tools/bin/../lib/gcc/arm-none-eabi/10.3.1/../../../../arm-none-eabi/lib/thumb/v6-m/nofp\libc_nano.a(lib_a-writer.o)
                0x000000000800c908                _write_r
 .text._close_r
                0x000000000800c930       0x24 c:/st/stm32cubeide_1.9.0/stm32cubeide/plugins/com.st.stm32cube.ide.mcu.externaltools.gnu-tools-for-stm32.10.3-2021.10.win32_1.0.0.202111181127/tools/bin/../lib/gcc/arm-none-eabi/10.3.1/../../../../arm-none-eabi/lib/thumb/v6-m/nofp\libc_nano.a(lib_a-closer.o)
                0x000000000800c930                _close_r
 .text._fstat_r
                0x000000000800c954       0x24 c:/st/stm32cubeide_1.9.0/stm32cubeide/plugins/com.st.stm32cube.ide.mcu.externaltools.gnu-tools-for-stm32.10.3-2021.10.win32_1.0.0.202111181127/tools/bin/../lib/gcc/arm-none-eabi/10.3.1/../../../../arm-none-eabi/lib/thumb/v6-m/nofp\libc_nano.a(lib_a-fstatr.o)
                0x000000000800c954                _fstat_r
 .text._isatty_r
                0x000000000800c978       0x24 c:/st/stm32cubeide_1.9.0/stm32cubeide/plugins/com.st.stm32cube.ide.mcu.externaltools.gnu-tools-for-stm32.10.3-2021.10.win32_1.0.0.202111181127/tools/bin/../lib/gcc/arm-none-eabi/10.3.1/../../../../arm-none-eabi/lib/thumb/v6-m/nofp\libc_nano.a(lib_a-isattyr.o)
                0x000000000800c978                _isatty_r
 .text._lseek_r
                0x000000000800c99c       0x28 c:/st/stm32cubeide_1.9.0/stm32cubeide/plugins/com.st.stm32cube.ide.mcu.externaltools.gnu-tools-for-stm32.10.3-2021.10.win32_1.0.0.202111181127/tools/bin/../lib/gcc/arm-none-eabi/10.3.1/../../../../arm-none-eabi/lib/thumb/v6-m/nofp\libc_nano.a(lib_a-lseekr.o)
                0x000000000800c99c                _lseek_r
 .text.__ascii_mbtowc
                0x000000000800c9c4       0x24 c:/st/stm32cubeide_1.9.0/stm32cubeide/plugins/com.st.stm32cube.ide.mcu.externaltools.gnu-tools-for-stm32.10.3-2021.10.win32_1.0.0.202111181127/tools/bin/../lib/gcc/arm-none-eabi/10.3.1/../../../../arm-none-eabi/lib/thumb/v6-m/nofp\libc_nano.a(lib_a-mbtowc_r.o)
                0x000000000800c9c4                __ascii_mbtowc
 .text.__malloc_lock
                0x000000000800c9e8       0x10 c:/st/stm32cubeide_1.9.0/stm32cubeide/plugins/com.st.stm32cube.ide.mcu.externaltools.gnu-tools-for-stm32.10.3-2021.10.win32_1.0.0.202111181127/tools/bin/../lib/gcc/arm-none-eabi/10.3.1/../../../../arm-none-eabi/lib/thumb/v6-m/nofp\libc_nano.a(lib_a-mlock.o)
                0x000000000800c9e8                __malloc_lock
 .text.__malloc_unlock
                0x000000000800c9f8       0x10 c:/st/stm32cubeide_1.9.0/stm32cubeide/plugins/com.st.stm32cube.ide.mcu.externaltools.gnu-tools-for-stm32.10.3-2021.10.win32_1.0.0.202111181127/tools/bin/../lib/gcc/arm-none-eabi/10.3.1/../../../../arm-none-eabi/lib/thumb/v6-m/nofp\libc_nano.a(lib_a-mlock.o)
                0x000000000800c9f8                __malloc_unlock
 .text._read_r  0x000000000800ca08       0x28 c:/st/stm32cubeide_1.9.0/stm32cubeide/plugins/com.st.stm32cube.ide.mcu.externaltools.gnu-tools-for-stm32.10.3-2021.10.win32_1.0.0.202111181127/tools/bin/../lib/gcc/arm-none-eabi/10.3.1/../../../../arm-none-eabi/lib/thumb/v6-m/nofp\libc_nano.a(lib_a-readr.o)
                0x000000000800ca08                _read_r
 .text.__ascii_wctomb
                0x000000000800ca30       0x1a c:/st/stm32cubeide_1.9.0/stm32cubeide/plugins/com.st.stm32cube.ide.mcu.externaltools.gnu-tools-for-stm32.10.3-2021.10.win32_1.0.0.202111181127/tools/bin/../lib/gcc/arm-none-eabi/10.3.1/../../../../arm-none-eabi/lib/thumb/v6-m/nofp\libc_nano.a(lib_a-wctomb_r.o)
                0x000000000800ca30                __ascii_wctomb
 *(.glue_7)
 .glue_7        0x000000000800ca4a        0x0 linker stubs
 *(.glue_7t)
 .glue_7t       0x000000000800ca4a        0x0 linker stubs
 *(.eh_frame)
 *fill*         0x000000000800ca4a        0x2 
 .eh_frame      0x000000000800ca4c        0x0 c:/st/stm32cubeide_1.9.0/stm32cubeide/plugins/com.st.stm32cube.ide.mcu.externaltools.gnu-tools-for-stm32.10.3-2021.10.win32_1.0.0.202111181127/tools/bin/../lib/gcc/arm-none-eabi/10.3.1/thumb/v6-m/nofp/crtbegin.o
 *(.init)
 .init          0x000000000800ca4c        0x4 c:/st/stm32cubeide_1.9.0/stm32cubeide/plugins/com.st.stm32cube.ide.mcu.externaltools.gnu-tools-for-stm32.10.3-2021.10.win32_1.0.0.202111181127/tools/bin/../lib/gcc/arm-none-eabi/10.3.1/thumb/v6-m/nofp/crti.o
                0x000000000800ca4c                _init
 .init          0x000000000800ca50        0x8 c:/st/stm32cubeide_1.9.0/stm32cubeide/plugins/com.st.stm32cube.ide.mcu.externaltools.gnu-tools-for-stm32.10.3-2021.10.win32_1.0.0.202111181127/tools/bin/../lib/gcc/arm-none-eabi/10.3.1/thumb/v6-m/nofp/crtn.o
 *(.fini)
 .fini          0x000000000800ca58        0x4 c:/st/stm32cubeide_1.9.0/stm32cubeide/plugins/com.st.stm32cube.ide.mcu.externaltools.gnu-tools-for-stm32.10.3-2021.10.win32_1.0.0.202111181127/tools/bin/../lib/gcc/arm-none-eabi/10.3.1/thumb/v6-m/nofp/crti.o
                0x000000000800ca58                _fini
 .fini          0x000000000800ca5c        0x8 c:/st/stm32cubeide_1.9.0/stm32cubeide/plugins/com.st.stm32cube.ide.mcu.externaltools.gnu-tools-for-stm32.10.3-2021.10.win32_1.0.0.202111181127/tools/bin/../lib/gcc/arm-none-eabi/10.3.1/thumb/v6-m/nofp/crtn.o
                0x000000000800ca64                . = ALIGN (0x4)
                0x000000000800ca64                _etext = .

.vfp11_veneer   0x000000000800ca64        0x0
 .vfp11_veneer  0x000000000800ca64        0x0 linker stubs

.v4_bx          0x000000000800ca64        0x0
 .v4_bx         0x000000000800ca64        0x0 linker stubs

.iplt           0x000000000800ca64        0x0
 .iplt          0x000000000800ca64        0x0 c:/st/stm32cubeide_1.9.0/stm32cubeide/plugins/com.st.stm32cube.ide.mcu.externaltools.gnu-tools-for-stm32.10.3-2021.10.win32_1.0.0.202111181127/tools/bin/../lib/gcc/arm-none-eabi/10.3.1/thumb/v6-m/nofp/crtbegin.o

.rodata         0x000000000800ca68      0x920
                0x000000000800ca68                . = ALIGN (0x4)
 *(.rodata)
 .rodata        0x000000000800ca68       0x44 ./FreeModbus/freemodbus/modbus/functions/mbutils.o
 .rodata        0x000000000800caac       0xef ./FreeModbus/freemodbus/modbus/rtu/mbrtu.o
 *fill*         0x000000000800cb9b        0x1 
 .rodata        0x000000000800cb9c       0x80 c:/st/stm32cubeide_1.9.0/stm32cubeide/plugins/com.st.stm32cube.ide.mcu.externaltools.gnu-tools-for-stm32.10.3-2021.10.win32_1.0.0.202111181127/tools/bin/../lib/gcc/arm-none-eabi/10.3.1/thumb/v6-m/nofp\libgcc.a(divsf3.o)
 .rodata        0x000000000800cc1c       0x40 c:/st/stm32cubeide_1.9.0/stm32cubeide/plugins/com.st.stm32cube.ide.mcu.externaltools.gnu-tools-for-stm32.10.3-2021.10.win32_1.0.0.202111181127/tools/bin/../lib/gcc/arm-none-eabi/10.3.1/thumb/v6-m/nofp\libgcc.a(mulsf3.o)
 .rodata        0x000000000800cc5c       0x40 c:/st/stm32cubeide_1.9.0/stm32cubeide/plugins/com.st.stm32cube.ide.mcu.externaltools.gnu-tools-for-stm32.10.3-2021.10.win32_1.0.0.202111181127/tools/bin/../lib/gcc/arm-none-eabi/10.3.1/thumb/v6-m/nofp\libgcc.a(divdf3.o)
 .rodata        0x000000000800cc9c       0x40 c:/st/stm32cubeide_1.9.0/stm32cubeide/plugins/com.st.stm32cube.ide.mcu.externaltools.gnu-tools-for-stm32.10.3-2021.10.win32_1.0.0.202111181127/tools/bin/../lib/gcc/arm-none-eabi/10.3.1/thumb/v6-m/nofp\libgcc.a(muldf3.o)
 *(.rodata*)
 .rodata.AHBPrescTable
                0x000000000800ccdc       0x10 ./Core/Src/system_stm32l0xx.o
                0x000000000800ccdc                AHBPrescTable
 .rodata.APBPrescTable
                0x000000000800ccec        0x8 ./Core/Src/system_stm32l0xx.o
                0x000000000800ccec                APBPrescTable
 .rodata.PLLMulTable
                0x000000000800ccf4        0x9 ./Core/Src/system_stm32l0xx.o
                0x000000000800ccf4                PLLMulTable
 *fill*         0x000000000800ccfd        0x3 
 .rodata.UART_SetConfig
                0x000000000800cd00       0x48 ./Drivers/STM32L0xx_HAL_Driver/Src/stm32l0xx_hal_uart.o
 .rodata.__func__.0
                0x000000000800cd48        0xf ./FreeModbus/freemodbus/modbus/functions/mbutils.o
 *fill*         0x000000000800cd57        0x1 
 .rodata.aucCRCHi
                0x000000000800cd58      0x100 ./FreeModbus/freemodbus/modbus/rtu/mbcrc.o
 .rodata.aucCRCLo
                0x000000000800ce58      0x100 ./FreeModbus/freemodbus/modbus/rtu/mbcrc.o
 .rodata.__func__.3
                0x000000000800cf58        0xe ./FreeModbus/freemodbus/modbus/rtu/mbrtu.o
 *fill*         0x000000000800cf66        0x2 
 .rodata.__func__.2
                0x000000000800cf68       0x11 ./FreeModbus/freemodbus/modbus/rtu/mbrtu.o
 *fill*         0x000000000800cf79        0x3 
 .rodata.__func__.1
                0x000000000800cf7c       0x12 ./FreeModbus/freemodbus/modbus/rtu/mbrtu.o
 *fill*         0x000000000800cf8e        0x2 
 .rodata.__func__.0
                0x000000000800cf90       0x16 ./FreeModbus/freemodbus/modbus/rtu/mbrtu.o
 .rodata.__assert_func.str1.1
                0x000000000800cfa6       0x3c c:/st/stm32cubeide_1.9.0/stm32cubeide/plugins/com.st.stm32cube.ide.mcu.externaltools.gnu-tools-for-stm32.10.3-2021.10.win32_1.0.0.202111181127/tools/bin/../lib/gcc/arm-none-eabi/10.3.1/../../../../arm-none-eabi/lib/thumb/v6-m/nofp\libc_nano.a(lib_a-assert.o)
                                         0x3d (size before relaxing)
 *fill*         0x000000000800cfe2        0x2 
 .rodata._global_impure_ptr
                0x000000000800cfe4        0x4 c:/st/stm32cubeide_1.9.0/stm32cubeide/plugins/com.st.stm32cube.ide.mcu.externaltools.gnu-tools-for-stm32.10.3-2021.10.win32_1.0.0.202111181127/tools/bin/../lib/gcc/arm-none-eabi/10.3.1/../../../../arm-none-eabi/lib/thumb/v6-m/nofp\libc_nano.a(lib_a-impure.o)
                0x000000000800cfe4                _global_impure_ptr
 .rodata._vfprintf_r.str1.1
                0x000000000800cfe8       0x11 c:/st/stm32cubeide_1.9.0/stm32cubeide/plugins/com.st.stm32cube.ide.mcu.externaltools.gnu-tools-for-stm32.10.3-2021.10.win32_1.0.0.202111181127/tools/bin/../lib/gcc/arm-none-eabi/10.3.1/../../../../arm-none-eabi/lib/thumb/v6-m/nofp\libc_nano.a(lib_a-nano-vfprintf.o)
 .rodata._printf_float.str1.1
                0x000000000800cff9       0x12 c:/st/stm32cubeide_1.9.0/stm32cubeide/plugins/com.st.stm32cube.ide.mcu.externaltools.gnu-tools-for-stm32.10.3-2021.10.win32_1.0.0.202111181127/tools/bin/../lib/gcc/arm-none-eabi/10.3.1/../../../../arm-none-eabi/lib/thumb/v6-m/nofp\libc_nano.a(lib_a-nano-vfprintf_float.o)
 .rodata._printf_i.str1.1
                0x000000000800d00b       0x22 c:/st/stm32cubeide_1.9.0/stm32cubeide/plugins/com.st.stm32cube.ide.mcu.externaltools.gnu-tools-for-stm32.10.3-2021.10.win32_1.0.0.202111181127/tools/bin/../lib/gcc/arm-none-eabi/10.3.1/../../../../arm-none-eabi/lib/thumb/v6-m/nofp\libc_nano.a(lib_a-nano-vfprintf_i.o)
 .rodata._dtoa_r.str1.1
                0x000000000800d02d       0x90 c:/st/stm32cubeide_1.9.0/stm32cubeide/plugins/com.st.stm32cube.ide.mcu.externaltools.gnu-tools-for-stm32.10.3-2021.10.win32_1.0.0.202111181127/tools/bin/../lib/gcc/arm-none-eabi/10.3.1/../../../../arm-none-eabi/lib/thumb/v6-m/nofp\libc_nano.a(lib_a-dtoa.o)
                                         0x92 (size before relaxing)
 *fill*         0x000000000800d0bd        0x3 
 .rodata.__sf_fake_stderr
                0x000000000800d0c0       0x20 c:/st/stm32cubeide_1.9.0/stm32cubeide/plugins/com.st.stm32cube.ide.mcu.externaltools.gnu-tools-for-stm32.10.3-2021.10.win32_1.0.0.202111181127/tools/bin/../lib/gcc/arm-none-eabi/10.3.1/../../../../arm-none-eabi/lib/thumb/v6-m/nofp\libc_nano.a(lib_a-findfp.o)
                0x000000000800d0c0                __sf_fake_stderr
 .rodata.__sf_fake_stdin
                0x000000000800d0e0       0x20 c:/st/stm32cubeide_1.9.0/stm32cubeide/plugins/com.st.stm32cube.ide.mcu.externaltools.gnu-tools-for-stm32.10.3-2021.10.win32_1.0.0.202111181127/tools/bin/../lib/gcc/arm-none-eabi/10.3.1/../../../../arm-none-eabi/lib/thumb/v6-m/nofp\libc_nano.a(lib_a-findfp.o)
                0x000000000800d0e0                __sf_fake_stdin
 .rodata.__sf_fake_stdout
                0x000000000800d100       0x20 c:/st/stm32cubeide_1.9.0/stm32cubeide/plugins/com.st.stm32cube.ide.mcu.externaltools.gnu-tools-for-stm32.10.3-2021.10.win32_1.0.0.202111181127/tools/bin/../lib/gcc/arm-none-eabi/10.3.1/../../../../arm-none-eabi/lib/thumb/v6-m/nofp\libc_nano.a(lib_a-findfp.o)
                0x000000000800d100                __sf_fake_stdout
 .rodata._Balloc.str1.1
                0x000000000800d120       0x5c c:/st/stm32cubeide_1.9.0/stm32cubeide/plugins/com.st.stm32cube.ide.mcu.externaltools.gnu-tools-for-stm32.10.3-2021.10.win32_1.0.0.202111181127/tools/bin/../lib/gcc/arm-none-eabi/10.3.1/../../../../arm-none-eabi/lib/thumb/v6-m/nofp\libc_nano.a(lib_a-mprec.o)
                                         0x73 (size before relaxing)
 .rodata.__multadd.str1.1
                0x000000000800d17c       0x11 c:/st/stm32cubeide_1.9.0/stm32cubeide/plugins/com.st.stm32cube.ide.mcu.externaltools.gnu-tools-for-stm32.10.3-2021.10.win32_1.0.0.202111181127/tools/bin/../lib/gcc/arm-none-eabi/10.3.1/../../../../arm-none-eabi/lib/thumb/v6-m/nofp\libc_nano.a(lib_a-mprec.o)
 *fill*         0x000000000800d17c        0x4 
 .rodata.__mprec_bigtens
                0x000000000800d180       0x28 c:/st/stm32cubeide_1.9.0/stm32cubeide/plugins/com.st.stm32cube.ide.mcu.externaltools.gnu-tools-for-stm32.10.3-2021.10.win32_1.0.0.202111181127/tools/bin/../lib/gcc/arm-none-eabi/10.3.1/../../../../arm-none-eabi/lib/thumb/v6-m/nofp\libc_nano.a(lib_a-mprec.o)
                0x000000000800d180                __mprec_bigtens
 .rodata.__mprec_tens
                0x000000000800d1a8       0xc8 c:/st/stm32cubeide_1.9.0/stm32cubeide/plugins/com.st.stm32cube.ide.mcu.externaltools.gnu-tools-for-stm32.10.3-2021.10.win32_1.0.0.202111181127/tools/bin/../lib/gcc/arm-none-eabi/10.3.1/../../../../arm-none-eabi/lib/thumb/v6-m/nofp\libc_nano.a(lib_a-mprec.o)
                0x000000000800d1a8                __mprec_tens
 .rodata.p05.0  0x000000000800d270        0xc c:/st/stm32cubeide_1.9.0/stm32cubeide/plugins/com.st.stm32cube.ide.mcu.externaltools.gnu-tools-for-stm32.10.3-2021.10.win32_1.0.0.202111181127/tools/bin/../lib/gcc/arm-none-eabi/10.3.1/../../../../arm-none-eabi/lib/thumb/v6-m/nofp\libc_nano.a(lib_a-mprec.o)
 .rodata._setlocale_r.str1.1
                0x000000000800d27c        0x8 c:/st/stm32cubeide_1.9.0/stm32cubeide/plugins/com.st.stm32cube.ide.mcu.externaltools.gnu-tools-for-stm32.10.3-2021.10.win32_1.0.0.202111181127/tools/bin/../lib/gcc/arm-none-eabi/10.3.1/../../../../arm-none-eabi/lib/thumb/v6-m/nofp\libc_nano.a(lib_a-locale.o)
                                          0x9 (size before relaxing)
 .rodata.str1.1
                0x000000000800d284        0x2 c:/st/stm32cubeide_1.9.0/stm32cubeide/plugins/com.st.stm32cube.ide.mcu.externaltools.gnu-tools-for-stm32.10.3-2021.10.win32_1.0.0.202111181127/tools/bin/../lib/gcc/arm-none-eabi/10.3.1/../../../../arm-none-eabi/lib/thumb/v6-m/nofp\libc_nano.a(lib_a-locale.o)
 .rodata._ctype_
                0x000000000800d286      0x101 c:/st/stm32cubeide_1.9.0/stm32cubeide/plugins/com.st.stm32cube.ide.mcu.externaltools.gnu-tools-for-stm32.10.3-2021.10.win32_1.0.0.202111181127/tools/bin/../lib/gcc/arm-none-eabi/10.3.1/../../../../arm-none-eabi/lib/thumb/v6-m/nofp\libc_nano.a(lib_a-ctype_.o)
                0x000000000800d286                _ctype_
                0x000000000800d388                . = ALIGN (0x4)
 *fill*         0x000000000800d387        0x1 

.ARM.extab      0x000000000800d388        0x0
                0x000000000800d388                . = ALIGN (0x4)
 *(.ARM.extab* .gnu.linkonce.armextab.*)
                0x000000000800d388                . = ALIGN (0x4)

.ARM            0x000000000800d388        0x8
                0x000000000800d388                . = ALIGN (0x4)
                0x000000000800d388                __exidx_start = .
 *(.ARM.exidx*)
 .ARM.exidx     0x000000000800d388        0x8 c:/st/stm32cubeide_1.9.0/stm32cubeide/plugins/com.st.stm32cube.ide.mcu.externaltools.gnu-tools-for-stm32.10.3-2021.10.win32_1.0.0.202111181127/tools/bin/../lib/gcc/arm-none-eabi/10.3.1/thumb/v6-m/nofp\libgcc.a(_udivmoddi4.o)
                0x000000000800d390                __exidx_end = .
                0x000000000800d390                . = ALIGN (0x4)

.rel.dyn        0x000000000800d390        0x0
 .rel.iplt      0x000000000800d390        0x0 c:/st/stm32cubeide_1.9.0/stm32cubeide/plugins/com.st.stm32cube.ide.mcu.externaltools.gnu-tools-for-stm32.10.3-2021.10.win32_1.0.0.202111181127/tools/bin/../lib/gcc/arm-none-eabi/10.3.1/thumb/v6-m/nofp/crtbegin.o

.preinit_array  0x000000000800d390        0x0
                0x000000000800d390                . = ALIGN (0x4)
                0x000000000800d390                PROVIDE (__preinit_array_start = .)
 *(.preinit_array*)
                0x000000000800d390                PROVIDE (__preinit_array_end = .)
                0x000000000800d390                . = ALIGN (0x4)

.init_array     0x000000000800d390        0x4
                0x000000000800d390                . = ALIGN (0x4)
                0x000000000800d390                PROVIDE (__init_array_start = .)
 *(SORT_BY_NAME(.init_array.*))
 *(.init_array*)
 .init_array    0x000000000800d390        0x4 c:/st/stm32cubeide_1.9.0/stm32cubeide/plugins/com.st.stm32cube.ide.mcu.externaltools.gnu-tools-for-stm32.10.3-2021.10.win32_1.0.0.202111181127/tools/bin/../lib/gcc/arm-none-eabi/10.3.1/thumb/v6-m/nofp/crtbegin.o
                0x000000000800d394                PROVIDE (__init_array_end = .)
                0x000000000800d394                . = ALIGN (0x4)

.fini_array     0x000000000800d394        0x4
                0x000000000800d394                . = ALIGN (0x4)