../FreeModbus/freemodbus/port/portserial.c:42:6:vMBPortSerialEnable	16	static
../FreeModbus/freemodbus/port/portserial.c:65:6:xMBPortSerialInit	24	static
../FreeModbus/freemodbus/port/portserial.c:103:6:vMBPortClose	8	static
../FreeModbus/freemodbus/port/portserial.c:108:6:xMBPortSerialPutByte	16	static
../FreeModbus/freemodbus/port/portserial.c:116:6:xMBPortSerialGetByte	16	static
../FreeModbus/freemodbus/port/portserial.c:130:6:prvvUARTTxReadyISR	8	static
../FreeModbus/freemodbus/port/portserial.c:139:6:prvvUARTRxISR	8	static
../FreeModbus/freemodbus/port/portserial.c:143:13:Modbus_Send	16	static
